[MOLLY-LISTENER 00:40:51] Response sent (310 chars). Total: 39
[MOLLY-LISTENER 00:40:51] Response sent (274 chars). Total: 6
[MOLLY-LISTENER 00:40:51] Response sent (274 chars). Total: 6
[MOLLY-LISTENER 00:42:16] 1 message(s) received from: eric
[MOLLY-LISTENER 00:42:16] 1 message(s) received from: eric
[MOLLY-LISTENER 00:42:16] 1 message(s) received from: eric
[MOLLY-LISTENER 00:42:16] 1 message(s) received from: eric
[MOLLY-LISTENER 00:42:21] Response sent (1212 chars). Total: 40
[MOLLY-LISTENER 00:42:21] Response sent (1212 chars). Total: 40
[MOLLY-LISTENER 00:42:21] Response sent (1884 chars). Total: 7
[MOLLY-LISTENER 00:42:21] Response sent (1884 chars). Total: 7
[MOLLY-LISTENER 01:40:44] 1 message(s) received from: eric
[MOLLY-LISTENER 01:40:44] 1 message(s) received from: eric
[MOLLY-LISTENER 01:40:44] 1 message(s) received from: eric
[MOLLY-LISTENER 01:40:44] 1 message(s) received from: eric
[MOLLY-LISTENER 01:40:49] Response sent (1733 chars). Total: 8
[MOLLY-LISTENER 01:40:49] Response sent (1733 chars). Total: 8
[MOLLY-LISTENER 01:40:49] Response sent (1809 chars). Total: 41
[MOLLY-LISTENER 01:40:49] Response sent (1809 chars). Total: 41
[MOLLY-LISTENER 01:42:34] 1 message(s) received from: eric
[MOLLY-LISTENER 01:42:34] 1 message(s) received from: eric
[MOLLY-LISTENER 01:42:34] 1 message(s) received from: eric
[MOLLY-LISTENER 01:42:34] 1 message(s) received from: eric
[MOLLY-LISTENER 01:42:37] Response sent (314 chars). Total: 9
[MOLLY-LISTENER 01:42:37] Response sent (314 chars). Total: 9
[MOLLY-LISTENER 01:42:37] Response sent (211 chars). Total: 42
[MOLLY-LISTENER 01:42:37] Response sent (211 chars). Total: 42
[MOLLY-LISTENER 01:43:21] 1 message(s) received from: eric
[MOLLY-LISTENER 01:43:21] 1 message(s) received from: eric
[MOLLY-LISTENER 01:43:21] 1 message(s) received from: eric
[MOLLY-LISTENER 01:43:21] 1 message(s) received from: eric
[MOLLY-LISTENER 01:43:24] Response sent (175 chars). Total: 10
[MOLLY-LISTENER 01:43:24] Response sent (175 chars). Total: 10
[MOLLY-LISTENER 01:43:24] Response sent (264 chars). Total: 43
[MOLLY-LISTENER 01:43:24] Response sent (264 chars). Total: 43
[MOLLY-LISTENER 01:43:52] 1 message(s) received from: eric
[MOLLY-LISTENER 01:43:52] 1 message(s) received from: eric
[MOLLY-LISTENER 01:43:52] 1 message(s) received from: eric
[MOLLY-LISTENER 01:43:52] 1 message(s) received from: eric
[MOLLY-LISTENER 01:43:55] Response sent (208 chars). Total: 44
[MOLLY-LISTENER 01:43:55] Response sent (208 chars). Total: 44
[MOLLY-LISTENER 01:43:56] Response sent (114 chars). Total: 11
[MOLLY-LISTENER 01:43:56] Response sent (114 chars). Total: 11
[MOLLY-LISTENER 01:44:09] 1 message(s) received from: eric
[MOLLY-LISTENER 01:44:09] 1 message(s) received from: eric
[MOLLY-LISTENER 01:44:09] 1 message(s) received from: eric
[MOLLY-LISTENER 01:44:09] 1 message(s) received from: eric
[MOLLY-LISTENER 01:44:12] Response sent (53 chars). Total: 45
[MOLLY-LISTENER 01:44:12] Response sent (53 chars). Total: 45
[MOLLY-LISTENER 01:44:12] Response sent (156 chars). Total: 12
[MOLLY-LISTENER 01:44:12] Response sent (156 chars). Total: 12
[MOLLY-LISTENER 01:44:37] 1 message(s) received from: eric
[MOLLY-LISTENER 01:44:37] 1 message(s) received from: eric
[MOLLY-LISTENER 01:44:37] 1 message(s) received from: eric
[MOLLY-LISTENER 01:44:37] 1 message(s) received from: eric
[MOLLY-LISTENER 01:44:40] Response sent (59 chars). Total: 46
[MOLLY-LISTENER 01:44:40] Response sent (59 chars). Total: 46
[MOLLY-LISTENER 01:44:40] Response sent (74 chars). Total: 13
[MOLLY-LISTENER 01:44:40] Response sent (74 chars). Total: 13
[MOLLY-LISTENER 01:46:01] 1 message(s) received from: eric
[MOLLY-LISTENER 01:46:01] 1 message(s) received from: eric
[MOLLY-LISTENER 01:46:01] 1 message(s) received from: eric
[MOLLY-LISTENER 01:46:01] 1 message(s) received from: eric
[MOLLY-LISTENER 01:46:04] Response sent (343 chars). Total: 14
[MOLLY-LISTENER 01:46:04] Response sent (343 chars). Total: 14
[MOLLY-LISTENER 01:46:06] Response sent (245 chars). Total: 47
[MOLLY-LISTENER 01:46:06] Response sent (245 chars). Total: 47
[MOLLY-LISTENER 01:54:21] 1 message(s) received from: eric
[MOLLY-LISTENER 01:54:21] 1 message(s) received from: eric
[MOLLY-LISTENER 01:54:21] 1 message(s) received from: eric
[MOLLY-LISTENER 01:54:21] 1 message(s) received from: eric
[MOLLY-LISTENER 01:54:25] Response sent (1095 chars). Total: 48
[MOLLY-LISTENER 01:54:25] Response sent (1095 chars). Total: 48
[MOLLY-LISTENER 01:54:26] Response sent (1704 chars). Total: 15
[MOLLY-LISTENER 01:54:26] Response sent (1704 chars). Total: 15
[MOLLY-LISTENER 01:55:31] 1 message(s) received from: eric
[MOLLY-LISTENER 01:55:31] 1 message(s) received from: eric
[MOLLY-LISTENER 01:55:31] 1 message(s) received from: eric
[MOLLY-LISTENER 01:55:31] 1 message(s) received from: eric
[MOLLY-LISTENER 01:55:34] Response sent (351 chars). Total: 16
[MOLLY-LISTENER 01:55:34] Response sent (351 chars). Total: 16
[MOLLY-LISTENER 01:55:35] Response sent (813 chars). Total: 49
[MOLLY-LISTENER 01:55:35] Response sent (813 chars). Total: 49
[MOLLY-LISTENER 02:10:22] Starting. PID: 440001. Real-time WebSocket mode.
[MOLLY-LISTENER 02:10:22] Connecting to bridge at ws://localhost:9099...
[MOLLY-LISTENER 02:10:22] Connected. Identifying as molly...
[MOLLY-LISTENER 02:10:22] 1 unread message(s) for Molly delivered on connect
[MOLLY-LISTENER 02:10:22] 1 message(s) received from: eric
[MOLLY-LISTENER 02:10:25] Response sent (631 chars). Total: 1
[MOLLY-LISTENER 02:15:38] 1 message(s) received from: atlas
[MOLLY-LISTENER 02:15:38] 1 message(s) received from: atlas
[MOLLY-LISTENER 02:15:38] 1 message(s) received from: atlas
[MOLLY-LISTENER 02:15:38] 1 message(s) received from: atlas
[MOLLY-LISTENER 02:15:38] 1 message(s) received from: atlas
[MOLLY-LISTENER 02:15:41] Response sent (514 chars). Total: 50
[MOLLY-LISTENER 02:15:41] Response sent (514 chars). Total: 50
[MOLLY-LISTENER 02:15:42] Response sent (1085 chars). Total: 17
[MOLLY-LISTENER 02:15:42] Response sent (1085 chars). Total: 17

[MOLLY-LISTENER 02:15:42] Response sent (1467 chars). Total: 2
[MOLLY-LISTENER 02:49:51] 1 message(s) received from: lazarus
[MOLLY-LISTENER 02:49:51] 1 message(s) received from: lazarus
[MOLLY-LISTENER 02:49:51] 1 message(s) received from: lazarus
[MOLLY-LISTENER 02:49:51] 1 message(s) received from: lazarus
[MOLLY-LISTENER 02:49:51] 1 message(s) received from: lazarus
[MOLLY-LISTENER 02:49:55] Response sent (485 chars). Total: 51
[MOLLY-LISTENER 02:49:55] Response sent (485 chars). Total: 51
[MOLLY-LISTENER 02:49:55] Response sent (595 chars). Total: 3
[MOLLY-LISTENER 02:49:55] Response sent (583 chars). Total: 18
[MOLLY-LISTENER 02:49:55] Response sent (583 chars). Total: 18
[MOLLY-LISTENER 02:50:28] 1 message(s) received from: lazarus
[MOLLY-LISTENER 02:50:28] 1 message(s) received from: lazarus
[MOLLY-LISTENER 02:50:28] 1 message(s) received from: lazarus
[MOLLY-LISTENER 02:50:28] 1 message(s) received from: lazarus
[MOLLY-LISTENER 02:50:28] 1 message(s) received from: lazarus
[MOLLY-LISTENER 02:50:32] Response sent (512 chars). Total: 4
[MOLLY-LISTENER 02:50:32] Response sent (476 chars). Total: 52
[MOLLY-LISTENER 02:50:32] Response sent (476 chars). Total: 52
[MOLLY-LISTENER 02:50:32] Response sent (530 chars). Total: 19
[MOLLY-LISTENER 02:50:32] Response sent (530 chars). Total: 19
[MOLLY-LISTENER 02:55:24] 1 message(s) received from: lazarus
[MOLLY-LISTENER 02:55:24] 1 message(s) received from: lazarus
[MOLLY-LISTENER 02:55:24] 1 message(s) received from: lazarus
[MOLLY-LISTENER 02:55:24] 1 message(s) received from: lazarus
[MOLLY-LISTENER 02:55:24] 1 message(s) received from: lazarus
[MOLLY-LISTENER 02:55:27] Response sent (395 chars). Total: 53
[MOLLY-LISTENER 02:55:27] Response sent (395 chars). Total: 53
[MOLLY-LISTENER 02:55:27] Response sent (441 chars). Total: 20
[MOLLY-LISTENER 02:55:27] Response sent (441 chars). Total: 20
[MOLLY-LISTENER 02:55:28] Response sent (483 chars). Total: 5
[MOLLY-LISTENER 03:07:50] 1 message(s) received from: lazarus
[MOLLY-LISTENER 03:07:50] 1 message(s) received from: lazarus
[MOLLY-LISTENER 03:07:50] 1 message(s) received from: lazarus
[MOLLY-LISTENER 03:07:50] 1 message(s) received from: lazarus
[MOLLY-LISTENER 03:07:50] 1 message(s) received from: lazarus
[MOLLY-LISTENER 03:07:54] Response sent (422 chars). Total: 6
[MOLLY-LISTENER 03:07:54] Response sent (488 chars). Total: 21
[MOLLY-LISTENER 03:07:54] Response sent (488 chars). Total: 21
[MOLLY-LISTENER 03:07:55] Response sent (833 chars). Total: 54
[MOLLY-LISTENER 03:07:55] Response sent (833 chars). Total: 54
[MOLLY-LISTENER 16:59:21] Starting. PID: 43841. Real-time WebSocket mode.
[MOLLY-LISTENER 16:59:21] Starting. PID: 43841. Real-time WebSocket mode.
[MOLLY-LISTENER 16:59:21] Connecting to bridge at ws://localhost:9099...
[MOLLY-LISTENER 16:59:21] Connecting to bridge at ws://localhost:9099...
[MOLLY-LISTENER 16:59:21] Connected. Identifying as molly...
[MOLLY-LISTENER 16:59:21] Connected. Identifying as molly...
[MOLLY-LISTENER 16:59:21] 1 unread message(s) for Molly delivered on connect
[MOLLY-LISTENER 16:59:21] 1 unread message(s) for Molly delivered on connect
[MOLLY-LISTENER 16:59:21] 1 message(s) received from: lazarus
[MOLLY-LISTENER 16:59:21] 1 message(s) received from: lazarus
[MOLLY-LISTENER 16:59:22] Already processing — dropping 1 message(s) (arrive again on next bridge push or reconnect)
[MOLLY-LISTENER 16:59:22] Already processing — dropping 1 message(s) (arrive again on next bridge push or reconnect)
[MOLLY-LISTENER 16:59:22] Already processing — dropping 1 message(s) (arrive again on next bridge push or reconnect)
[MOLLY-LISTENER 16:59:22] Already processing — dropping 1 message(s) (arrive again on next bridge push or reconnect)
[MOLLY-LISTENER 16:59:28] Response sent (1227 chars). Total: 1
[MOLLY-LISTENER 16:59:28] Response sent (1227 chars). Total: 1
[MOLLY-LISTENER 17:01:05] 1 message(s) received from: lazarus
[MOLLY-LISTENER 17:01:05] 1 message(s) received from: lazarus
[MOLLY-LISTENER 17:01:09] Response sent (579 chars). Total: 2
[MOLLY-LISTENER 17:01:09] Response sent (579 chars). Total: 2
[MOLLY-LISTENER 17:02:58] 1 message(s) received from: lazarus
[MOLLY-LISTENER 17:02:58] 1 message(s) received from: lazarus
[MOLLY-LISTENER 17:03:01] Response sent (620 chars). Total: 3
[MOLLY-LISTENER 17:03:01] Response sent (620 chars). Total: 3
[MOLLY-LISTENER 17:04:51] 1 message(s) received from: lazarus
[MOLLY-LISTENER 17:04:51] 1 message(s) received from: lazarus
[MOLLY-LISTENER 17:04:54] Response sent (429 chars). Total: 4
[MOLLY-LISTENER 17:04:54] Response sent (429 chars). Total: 4
[MOLLY-LISTENER 17:05:19] 1 message(s) received from: lazarus
[MOLLY-LISTENER 17:05:19] 1 message(s) received from: lazarus
[MOLLY-LISTENER 17:05:22] Response sent (503 chars). Total: 5
[MOLLY-LISTENER 17:05:22] Response sent (503 chars). Total: 5
[MOLLY-LISTENER 17:06:02] 1 message(s) received from: lazarus
[MOLLY-LISTENER 17:06:02] 1 message(s) received from: lazarus
[MOLLY-LISTENER 17:06:05] Response sent (368 chars). Total: 6
[MOLLY-LISTENER 17:06:05] Response sent (368 chars). Total: 6
[MOLLY-LISTENER 17:10:45] 1 message(s) received from: lazarus
[MOLLY-LISTENER 17:10:45] 1 message(s) received from: lazarus
[MOLLY-LISTENER 17:10:48] Response sent (390 chars). Total: 7
[MOLLY-LISTENER 17:10:48] Response sent (390 chars). Total: 7
[MOLLY-LISTENER 17:10:59] 1 message(s) received from: lazarus
[MOLLY-LISTENER 17:10:59] 1 message(s) received from: lazarus
[MOLLY-LISTENER 17:11:03] Response sent (234 chars). Total: 8
[MOLLY-LISTENER 17:11:03] Response sent (234 chars). Total: 8
[MOLLY-LISTENER 17:11:45] 1 message(s) received from: lazarus
[MOLLY-LISTENER 17:11:45] 1 message(s) received from: lazarus
[MOLLY-LISTENER 17:11:49] Response sent (541 chars). Total: 9
[MOLLY-LISTENER 17:11:49] Response sent (541 chars). Total: 9
[MOLLY-LISTENER 17:12:20] 1 message(s) received from: lazarus
[MOLLY-LISTENER 17:12:20] 1 message(s) received from: lazarus
[MOLLY-LISTENER 17:12:24] Response sent (442 chars). Total: 10
[MOLLY-LISTENER 17:12:24] Response sent (442 chars). Total: 10
[MOLLY-LISTENER 22:09:41] 1 message(s) received from: eric
[MOLLY-LISTENER 22:09:41] 1 message(s) received from: eric
[MOLLY-LISTENER 22:09:44] Response sent (490 chars). Total: 11
[MOLLY-LISTENER 22:09:44] Response sent (490 chars). Total: 11
[MOLLY-LISTENER 23:45:41] 1 message(s) received from: eric
[MOLLY-LISTENER 23:45:41] 1 message(s) received from: eric
[MOLLY-LISTENER 23:45:44] Response sent (154 chars). Total: 12
[MOLLY-LISTENER 23:45:44] Response sent (154 chars). Total: 12
[MOLLY-LISTENER 23:46:08] 1 message(s) received from: eric
[MOLLY-LISTENER 23:46:08] 1 message(s) received from: eric
[MOLLY-LISTENER 23:46:12] Response sent (199 chars). Total: 13
[MOLLY-LISTENER 23:46:12] Response sent (199 chars). Total: 13
[MOLLY-LISTENER 23:46:36] 1 message(s) received from: eric
[MOLLY-LISTENER 23:46:36] 1 message(s) received from: eric
[MOLLY-LISTENER 23:46:39] Response sent (157 chars). Total: 14
[MOLLY-LISTENER 23:46:39] Response sent (157 chars). Total: 14
[MOLLY-LISTENER 23:49:48] 1 message(s) received from: eric
[MOLLY-LISTENER 23:49:48] 1 message(s) received from: eric
[MOLLY-LISTENER 23:49:51] Response sent (113 chars). Total: 15
[MOLLY-LISTENER 23:49:51] Response sent (113 chars). Total: 15
[MOLLY-LISTENER 23:51:18] 1 message(s) received from: atlas
[MOLLY-LISTENER 23:51:18] 1 message(s) received from: atlas
[MOLLY-LISTENER 23:51:22] Response sent (459 chars). Total: 16
[MOLLY-LISTENER 23:51:22] Response sent (459 chars). Total: 16
[MOLLY-LISTENER 23:52:48] 1 message(s) received from: eric
[MOLLY-LISTENER 23:52:48] 1 message(s) received from: eric
[MOLLY-LISTENER 23:52:51] Response sent (660 chars). Total: 17
[MOLLY-LISTENER 23:52:51] Response sent (660 chars). Total: 17
[MOLLY-LISTENER 23:55:28] 1 message(s) received from: eric
[MOLLY-LISTENER 23:55:28] 1 message(s) received from: eric
[MOLLY-LISTENER 23:55:32] Response sent (497 chars). Total: 18
[MOLLY-LISTENER 23:55:32] Response sent (497 chars). Total: 18
[MOLLY-LISTENER 23:57:00] 1 message(s) received from: eric
[MOLLY-LISTENER 23:57:00] 1 message(s) received from: eric
[MOLLY-LISTENER 23:57:04] Response sent (678 chars). Total: 19
[MOLLY-LISTENER 23:57:04] Response sent (678 chars). Total: 19
[MOLLY-LISTENER 23:57:56] 1 message(s) received from: eric
[MOLLY-LISTENER 23:57:56] 1 message(s) received from: eric
[MOLLY-LISTENER 23:58:00] Response sent (311 chars). Total: 20
[MOLLY-LISTENER 23:58:00] Response sent (311 chars). Total: 20
[MOLLY-LISTENER 00:06:48] 1 message(s) received from: eric
[MOLLY-LISTENER 00:06:48] 1 message(s) received from: eric
[MOLLY-LISTENER 00:06:51] Response sent (90 chars). Total: 21
[MOLLY-LISTENER 00:06:51] Response sent (90 chars). Total: 21
[MOLLY-LISTENER 00:07:13] 1 message(s) received from: eric
[MOLLY-LISTENER 00:07:13] 1 message(s) received from: eric
[MOLLY-LISTENER 00:07:17] Response sent (567 chars). Total: 22
[MOLLY-LISTENER 00:07:17] Response sent (567 chars). Total: 22
[MOLLY-LISTENER 00:08:22] 1 message(s) received from: eric
[MOLLY-LISTENER 00:08:22] 1 message(s) received from: eric
[MOLLY-LISTENER 00:08:25] Response sent (585 chars). Total: 23
[MOLLY-LISTENER 00:08:25] Response sent (585 chars). Total: 23
[MOLLY-LISTENER 00:09:16] 1 message(s) received from: eric
[MOLLY-LISTENER 00:09:16] 1 message(s) received from: eric
[MOLLY-LISTENER 00:09:20] Response sent (337 chars). Total: 24
[MOLLY-LISTENER 00:09:20] Response sent (337 chars). Total: 24
[MOLLY-LISTENER 00:09:52] 1 message(s) received from: eric
[MOLLY-LISTENER 00:09:52] 1 message(s) received from: eric
[MOLLY-LISTENER 00:09:55] Response sent (397 chars). Total: 25
[MOLLY-LISTENER 00:09:55] Response sent (397 chars). Total: 25
[MOLLY-LISTENER 00:10:42] 1 message(s) received from: eric
[MOLLY-LISTENER 00:10:42] 1 message(s) received from: eric
[MOLLY-LISTENER 00:10:46] Response sent (348 chars). Total: 26
[MOLLY-LISTENER 00:10:46] Response sent (348 chars). Total: 26
[MOLLY-LISTENER 00:13:05] 1 message(s) received from: eric
[MOLLY-LISTENER 00:13:05] 1 message(s) received from: eric
[MOLLY-LISTENER 00:13:08] Response sent (337 chars). Total: 27
[MOLLY-LISTENER 00:13:08] Response sent (337 chars). Total: 27
[MOLLY-LISTENER 00:16:40] 1 message(s) received from: atlas
[MOLLY-LISTENER 00:16:40] 1 message(s) received from: atlas
[MOLLY-LISTENER 00:16:44] Response sent (318 chars). Total: 28
[MOLLY-LISTENER 00:16:44] Response sent (318 chars). Total: 28
[MOLLY-LISTENER 00:20:44] 1 message(s) received from: atlas
[MOLLY-LISTENER 00:20:44] 1 message(s) received from: atlas
[MOLLY-LISTENER 00:20:47] Response sent (677 chars). Total: 29
[MOLLY-LISTENER 00:20:47] Response sent (677 chars). Total: 29
[MOLLY-LISTENER 00:22:22] 1 message(s) received from: atlas
[MOLLY-LISTENER 00:22:22] 1 message(s) received from: atlas
[MOLLY-LISTENER 00:22:26] Response sent (553 chars). Total: 30
[MOLLY-LISTENER 00:22:26] Response sent (553 chars). Total: 30
[MOLLY-LISTENER 00:26:29] 1 message(s) received from: atlas
[MOLLY-LISTENER 00:26:29] 1 message(s) received from: atlas
[MOLLY-LISTENER 00:26:33] Response sent (523 chars). Total: 31
[MOLLY-LISTENER 00:26:33] Response sent (523 chars). Total: 31
[MOLLY-LISTENER 13:53:01] Starting. PID: 150111. Real-time WebSocket mode.
[MOLLY-LISTENER 13:53:01] Starting. PID: 150111. Real-time WebSocket mode.
[MOLLY-LISTENER 13:53:01] Connecting to bridge at ws://localhost:9099...
[MOLLY-LISTENER 13:53:01] Connecting to bridge at ws://localhost:9099...
[MOLLY-LISTENER 13:53:01] Connected. Identifying as molly...
[MOLLY-LISTENER 13:53:01] Connected. Identifying as molly...
[MOLLY-LISTENER 13:56:07] 1 message(s) received from: lazarus
[MOLLY-LISTENER 13:56:11] Response sent (304 chars). Total: 1
[MOLLY-LISTENER 13:56:24] 1 message(s) received from: lazarus
[MOLLY-LISTENER 13:56:28] Response sent (431 chars). Total: 2
[MOLLY-LISTENER 14:04:59] Disconnected. Reconnecting in 3s...
[MOLLY-LISTENER 14:05:02] Connecting to bridge at ws://localhost:9099...
[MOLLY-LISTENER 14:05:02] Connected. Identifying as molly...
[MOLLY-LISTENER 14:08:02] 1 message(s) received from: lazarus
[MOLLY-LISTENER 14:08:06] Response sent (503 chars). Total: 3
[MOLLY-LISTENER 14:17:32] 1 message(s) received from: lazarus
[MOLLY-LISTENER 14:17:36] Response sent (641 chars). Total: 4
[MOLLY-LISTENER 14:33:20] Disconnected. Reconnecting in 3s...
[MOLLY-LISTENER 14:33:23] Connecting to bridge at ws://localhost:9099...
[MOLLY-LISTENER 14:33:23] Connected. Identifying as molly...
[MOLLY-LISTENER 14:33:36] Disconnected. Reconnecting in 3s...
[MOLLY-LISTENER 14:33:39] Connecting to bridge at ws://localhost:9099...
[MOLLY-LISTENER 14:33:39] WebSocket error: 

[MOLLY-LISTENER 14:33:39] Disconnected. Reconnecting in 3s...
[MOLLY-LISTENER 14:33:42] Connecting to bridge at ws://localhost:9099...
[MOLLY-LISTENER 14:33:42] WebSocket error: 
[MOLLY-LISTENER 14:33:42] Disconnected. Reconnecting in 3s...
[MOLLY-LISTENER 14:33:45] Connecting to bridge at ws://localhost:9099...
[MOLLY-LISTENER 14:33:45] WebSocket error: 
[MOLLY-LISTENER 14:33:45] Disconnected. Reconnecting in 3s...
[MOLLY-LISTENER 14:33:48] Connecting to bridge at ws://localhost:9099...
[MOLLY-LISTENER 14:33:48] WebSocket error: 
[MOLLY-LISTENER 14:33:48] Disconnected. Reconnecting in 3s...
[MOLLY-LISTENER 14:33:51] Connecting to bridge at ws://localhost:9099...
[MOLLY-LISTENER 14:33:51] WebSocket error: 
[MOLLY-LISTENER 14:33:51] Disconnected. Reconnecting in 3s...
[MOLLY-LISTENER 14:33:54] Connecting to bridge at ws://localhost:9099...
[MOLLY-LISTENER 14:33:54] WebSocket error: 
[MOLLY-LISTENER 14:33:54] Disconnected. Reconnecting in 3s...
[MOLLY-LISTENER 14:33:57] Connecting to bridge at ws://localhost:9099...
[MOLLY-LISTENER 14:33:57] WebSocket error: 
[MOLLY-LISTENER 14:33:57] Disconnected. Reconnecting in 3s...
[MOLLY-LISTENER 14:34:00] Connecting to bridge at ws://localhost:9099...
[MOLLY-LISTENER 14:34:00] WebSocket error: 
[MOLLY-LISTENER 14:34:00] Disconnected. Reconnecting in 3s...
[MOLLY-LISTENER 14:34:03] Connecting to bridge at ws://localhost:9099...
[MOLLY-LISTENER 14:34:03] WebSocket error: 
[MOLLY-LISTENER 14:34:03] Disconnected. Reconnecting in 3s...
[MOLLY-LISTENER 14:34:06] Connecting to bridge at ws://localhost:9099...
[MOLLY-LISTENER 14:34:06] WebSocket error: 
[MOLLY-LISTENER 14:34:06] Disconnected. Reconnecting in 3s...
[MOLLY-LISTENER 14:34:09] Connecting to bridge at ws://localhost:9099...
[MOLLY-LISTENER 14:34:09] WebSocket error: 
[MOLLY-LISTENER 14:34:09] Disconnected. Reconnecting in 3s...
[MOLLY-LISTENER 14:34:12] Connecting to bridge at ws://localhost:9099...
[MOLLY-LISTENER 14:34:12] WebSocket error: 
[MOLLY-LISTENER 14:34:12] Disconnected. Reconnecting in 3s...
[MOLLY-LISTENER 14:34:15] Connecting to bridge at ws://localhost:9099...
[MOLLY-LISTENER 14:34:15] WebSocket error: 
[MOLLY-LISTENER 14:34:15] Disconnected. Reconnecting in 3s...
[MOLLY-LISTENER 14:34:18] Connecting to bridge at ws://localhost:9099...
[MOLLY-LISTENER 14:34:18] WebSocket error: 
[MOLLY-LISTENER 14:34:18] Disconnected. Reconnecting in 3s...
[MOLLY-LISTENER 14:34:21] Connecting to bridge at ws://localhost:9099...
[MOLLY-LISTENER 14:34:21] WebSocket error: 
[MOLLY-LISTENER 14:34:21] Disconnected. Reconnecting in 3s...
[MOLLY-LISTENER 14:34:24] Connecting to bridge at ws://localhost:9099...
[MOLLY-LISTENER 14:34:24] WebSocket error: 
[MOLLY-LISTENER 14:34:24] Disconnected. Reconnecting in 3s...
[MOLLY-LISTENER 14:34:27] Connecting to bridge at ws://localhost:9099...
[MOLLY-LISTENER 14:34:27] WebSocket error: 
[MOLLY-LISTENER 14:34:27] Disconnected. Reconnecting in 3s...
[MOLLY-LISTENER 14:34:30] Connecting to bridge at ws://localhost:9099...
[MOLLY-LISTENER 14:34:30] WebSocket error: 
[MOLLY-LISTENER 14:34:30] Disconnected. Reconnecting in 3s...
[MOLLY-LISTENER 14:34:33] Connecting to bridge at ws://localhost:9099...
[MOLLY-LISTENER 14:34:33] WebSocket error: 
[MOLLY-LISTENER 14:34:33] Disconnected. Reconnecting in 3s...
[MOLLY-LISTENER 14:34:36] Connecting to bridge at ws://localhost:9099...
[MOLLY-LISTENER 14:34:36] WebSocket error: 
[MOLLY-LISTENER 14:34:36] Disconnected. Reconnecting in 3s...
[MOLLY-LISTENER 14:34:39] Connecting to bridge at ws://localhost:9099...
[MOLLY-LISTENER 14:34:39] WebSocket error: 
[MOLLY-LISTENER 14:34:39] Disconnected. Reconnecting in 3s...
[MOLLY-LISTENER 14:34:42] Connecting to bridge at ws://localhost:9099...
[MOLLY-LISTENER 14:34:42] WebSocket error: 
[MOLLY-LISTENER 14:34:42] Disconnected. Reconnecting in 3s...
[MOLLY-LISTENER 14:34:45] Connecting to bridge at ws://localhost:9099...
[MOLLY-LISTENER 14:34:45] WebSocket error: 
[MOLLY-LISTENER 14:34:45] Disconnected. Reconnecting in 3s...
[MOLLY-LISTENER 14:34:48] Connecting to bridge at ws://localhost:9099...
[MOLLY-LISTENER 14:34:48] WebSocket error: 
[MOLLY-LISTENER 14:34:48] Disconnected. Reconnecting in 3s...
[MOLLY-LISTENER 14:34:51] Connecting to bridge at ws://localhost:9099...
[MOLLY-LISTENER 14:34:51] WebSocket error: 
[MOLLY-LISTENER 14:34:51] Disconnected. Reconnecting in 3s...
[MOLLY-LISTENER 14:34:54] Connecting to bridge at ws://localhost:9099...
[MOLLY-LISTENER 14:34:54] WebSocket error: 
[MOLLY-LISTENER 14:34:54] Disconnected. Reconnecting in 3s...
[MOLLY-LISTENER 14:34:57] Connecting to bridge at ws://localhost:9099...
[MOLLY-LISTENER 14:34:57] WebSocket error: 
[MOLLY-LISTENER 14:34:57] Disconnected. Reconnecting in 3s...
[MOLLY-LISTENER 14:35:00] Connecting to bridge at ws://localhost:9099...
[MOLLY-LISTENER 14:35:00] WebSocket error: 
[MOLLY-LISTENER 14:35:00] Disconnected. Reconnecting in 3s...
[MOLLY-LISTENER 14:35:03] Connecting to bridge at ws://localhost:9099...
[MOLLY-LISTENER 14:35:03] WebSocket error: 
[MOLLY-LISTENER 14:35:03] Disconnected. Reconnecting in 3s...
[MOLLY-LISTENER 14:35:06] Connecting to bridge at ws://localhost:9099...
[MOLLY-LISTENER 14:35:06] WebSocket error: 
[MOLLY-LISTENER 14:35:06] Disconnected. Reconnecting in 3s...
[MOLLY-LISTENER 14:35:09] Connecting to bridge at ws://localhost:9099...
[MOLLY-LISTENER 14:35:09] WebSocket error: 
[MOLLY-LISTENER 14:35:09] Disconnected. Reconnecting in 3s...
[MOLLY-LISTENER 14:35:12] Connecting to bridge at ws://localhost:9099...
[MOLLY-LISTENER 14:35:12] WebSocket error: 
[MOLLY-LISTENER 14:35:12] Disconnected. Reconnecting in 3s...
[MOLLY-LISTENER 14:35:15] Connecting to bridge at ws://localhost:9099...
[MOLLY-LISTENER 14:35:15] WebSocket error: 
[MOLLY-LISTENER 14:35:15] Disconnected. Reconnecting in 3s...
[MOLLY-LISTENER 14:35:18] Connecting to bridge at ws://localhost:9099...
[MOLLY-LISTENER 14:35:18] WebSocket error: 
[MOLLY-LISTENER 14:35:18] Disconnected. Reconnecting in 3s...
[MOLLY-LISTENER 14:35:21] Connecting to bridge at ws://localhost:9099...
[MOLLY-LISTENER 14:35:21] WebSocket error: 
[MOLLY-LISTENER 14:35:21] Disconnected. Reconnecting in 3s...
[MOLLY-LISTENER 14:35:24] Connecting to bridge at ws://localhost:9099...
[MOLLY-LISTENER 14:35:24] WebSocket error: 
[MOLLY-LISTENER 14:35:24] Disconnected. Reconnecting in 3s...
[MOLLY-LISTENER 14:35:27] Connecting to bridge at ws://localhost:9099...
[MOLLY-LISTENER 14:35:27] WebSocket error: 
[MOLLY-LISTENER 14:35:27] Disconnected. Reconnecting in 3s...
[MOLLY-LISTENER 14:35:30] Connecting to bridge at ws://localhost:9099...
[MOLLY-LISTENER 14:35:30] WebSocket error: 
[MOLLY-LISTENER 14:35:30] Disconnected. Reconnecting in 3s...
[MOLLY-LISTENER 14:35:33] Connecting to bridge at ws://localhost:9099...
[MOLLY-LISTENER 14:35:33] WebSocket error: 
[MOLLY-LISTENER 14:35:33] Disconnected. Reconnecting in 3s...
[MOLLY-LISTENER 14:35:36] Connecting to bridge at ws://localhost:9099...
[MOLLY-LISTENER 14:35:36] Connected. Identifying as molly...
[MOLLY-LISTENER 14:36:10] Disconnected. Reconnecting in 3s...
[MOLLY-LISTENER 14:36:13] Connecting to bridge at ws://localhost:9099...
[MOLLY-LISTENER 14:36:13] Connected. Identifying as molly...
[MOLLY-LISTENER 14:36:58] Disconnected. Reconnecting in 3s...
[MOLLY-LISTENER 14:37:01] Connecting to bridge at ws://localhost:9099...
[MOLLY-LISTENER 14:37:01] Connected. Identifying as molly...
