
> nextn@0.1.0 build
> npm run harden && NODE_ENV=production next build


> nextn@0.1.0 harden
> rm -rf .next

Attention: Next.js now collects completely anonymous telemetry regarding usage.
This information is used to shape Next.js' roadmap and prioritize features.
You can learn more, including how to opt-out if you'd not like to participate in this anonymous program, by visiting the following URL:
https://nextjs.org/telemetry

   ▲ Next.js 15.1.11
   - Environments: .env.local

   Creating an optimized production build ...
Next.js build worker exited with code: null and signal: SIGTERM
