============================================================
IMMORTAL DAEMON - The One Bridge
============================================================
01:23:38 [LOCK] Acquired (PID 12274)
01:23:38 [START] Immortal Daemon starting
01:23:38 [CONFIG] Heartbeat: 1000ms | Git: 10000ms | HTTP: 5000ms
01:23:38 [CONFIG] Ghost: 30000ms | Bridge: 15000ms | Status: 60000ms
01:23:38 [BRIDGE] Port 9099 not listening - restarting bridge
01:23:38 [BRIDGE] Started (PID 12291)
01:23:38 [RUNNING] All systems active - SIGHUP immune
01:23:48 [DASHBOARD] Heartbeat API not running - starting
01:23:48 [DASHBOARD] Heartbeat API started (PID 12383)
01:24:38 [STATUS] uptime=60s beats=60 mem=13726MB extHosts=1 bridge=UP dev=DOWN
01:25:38 [STATUS] uptime=120s beats=120 mem=12685MB extHosts=1 bridge=UP dev=DOWN
01:26:38 [STATUS] uptime=180s beats=180 mem=12775MB extHosts=1 bridge=UP dev=DOWN
01:27:38 [STATUS] uptime=240s beats=240 mem=12699MB extHosts=1 bridge=UP dev=DOWN
01:28:38 [STATUS] uptime=300s beats=300 mem=12703MB extHosts=1 bridge=UP dev=DOWN
01:29:38 [STATUS] uptime=360s beats=360 mem=12539MB extHosts=1 bridge=UP dev=DOWN
01:30:38 [STATUS] uptime=420s beats=420 mem=12652MB extHosts=1 bridge=UP dev=DOWN
01:31:38 [STATUS] uptime=480s beats=480 mem=12422MB extHosts=1 bridge=UP dev=DOWN
01:32:38 [STATUS] uptime=540s beats=540 mem=12280MB extHosts=1 bridge=UP dev=DOWN
01:33:38 [STATUS] uptime=600s beats=600 mem=12717MB extHosts=1 bridge=UP dev=DOWN
01:34:38 [STATUS] uptime=660s beats=660 mem=12661MB extHosts=1 bridge=UP dev=DOWN
