[hive-mind 2026-06-04T01:17:32.356Z] Lock acquired (PID 670889)
[hive-mind 2026-06-04T01:17:32.359Z] Hive mind daemon starting
[hive-mind 2026-06-04T01:17:32.413Z] Announce error: HTTP 400
[hive-mind 2026-06-04T01:17:32.422Z] Receipt error for msg_1780533640051_t55r4t: HTTP 400
[hive-mind 2026-06-04T01:17:32.424Z] Receipt error for msg_1780533644679_uix8cg: HTTP 400
[hive-mind 2026-06-04T01:17:32.426Z] Receipt error for msg_1780533647375_og921d: HTTP 400
[hive-mind 2026-06-04T01:17:32.427Z] Receipt error for msg_1780533647534_xqy4i6: HTTP 400
[hive-mind 2026-06-04T01:17:32.428Z] Receipt error for msg_1780533695506_ukzxyi: HTTP 400
[hive-mind 2026-06-04T01:17:32.429Z] Receipt error for msg_1780533696510_etswdd: HTTP 400
[hive-mind 2026-06-04T01:17:32.431Z] Receipt error for msg_1780533697516_su1cfc: HTTP 400
[hive-mind 2026-06-04T01:17:32.432Z] Receipt error for msg_1780533741685_hnl7tu: HTTP 400
[hive-mind 2026-06-04T01:17:32.433Z] Receipt error for msg_1780533767455_0sobls: HTTP 400
[hive-mind 2026-06-04T01:17:32.434Z] Receipt error for msg_1780533769273_th6y1k: HTTP 400
[hive-mind 2026-06-04T01:17:32.435Z] Receipt error for msg_1780533769413_clvcen: HTTP 400
[hive-mind 2026-06-04T01:17:32.436Z] Receipt error for msg_1780533785864_jmqfuc: HTTP 400
[hive-mind 2026-06-04T01:17:32.437Z] Receipt error for msg_1780533786868_u0imx6: HTTP 400
[hive-mind 2026-06-04T01:17:32.438Z] Receipt error for msg_1780533787875_nmgwy7: HTTP 400
[hive-mind 2026-06-04T01:17:32.439Z] Receipt error for msg_1780533801071_yn5cn0: HTTP 400
[hive-mind 2026-06-04T01:17:32.440Z] Receipt error for msg_1780533821231_27jwdr: HTTP 400
[hive-mind 2026-06-04T01:17:32.441Z] Receipt error for msg_1780533821896_bhp842: HTTP 400
[hive-mind 2026-06-04T01:17:32.442Z] Receipt error for msg_1780533839272_0sf6cz: HTTP 400
[hive-mind 2026-06-04T01:17:32.443Z] Receipt error for msg_1780533855261_pikkou: HTTP 400
[hive-mind 2026-06-04T01:17:32.444Z] Receipt error for msg_1780533860940_fquj9t: HTTP 400
[hive-mind 2026-06-04T01:17:32.445Z] Receipt error for msg_1780533871820_i6kduz: HTTP 400
[hive-mind 2026-06-04T01:17:32.446Z] Receipt error for msg_1780533872826_dg3x40: HTTP 400
[hive-mind 2026-06-04T01:17:32.447Z] Receipt error for msg_1780533873621_5vtite: HTTP 400
[hive-mind 2026-06-04T01:17:32.447Z] Receipt error for msg_1780533885136_ewiwzy: HTTP 400
[hive-mind 2026-06-04T01:17:32.448Z] Receipt error for msg_1780533886641_66mjwn: HTTP 400
[hive-mind 2026-06-04T01:17:32.449Z] Receipt error for msg_1780533886778_pfi0bl: HTTP 400
[hive-mind 2026-06-04T01:17:32.450Z] Receipt error for msg_1780533919142_3w5qrn: HTTP 400
[hive-mind 2026-06-04T01:17:32.451Z] Receipt error for msg_1780533921719_hr0kzh: HTTP 400
[hive-mind 2026-06-04T01:17:32.452Z] Receipt error for msg_1780533922768_3fm224: HTTP 400
[hive-mind 2026-06-04T01:17:32.453Z] Receipt error for msg_1780533924278_5ces2j: HTTP 400
[hive-mind 2026-06-04T01:17:32.454Z] Receipt error for msg_1780533925672_mzoaz1: HTTP 400
[hive-mind 2026-06-04T01:17:32.455Z] Receipt error for msg_1780533927022_0ny0vy: HTTP 400
[hive-mind 2026-06-04T01:17:32.456Z] Receipt error for msg_1780533995716_st44vz: HTTP 400
[hive-mind 2026-06-04T01:17:32.458Z] Receipt error for msg_1780533997695_2nsuij: HTTP 400
[hive-mind 2026-06-04T01:17:32.459Z] Receipt error for msg_1780533997836_aitz8h: HTTP 400
[hive-mind 2026-06-04T01:17:32.459Z] Receipt error for msg_1780533999871_21mcbk: HTTP 400
[hive-mind 2026-06-04T01:17:32.460Z] Receipt error for msg_1780534040347_fkrp3t: HTTP 400
[hive-mind 2026-06-04T01:17:32.461Z] Receipt error for msg_1780534241751_pu6udj: HTTP 400
[hive-mind 2026-06-04T01:17:32.462Z] Receipt error for msg_1780534243478_p1l8tg: HTTP 400
[hive-mind 2026-06-04T01:17:32.463Z] Receipt error for msg_1780534243627_bx40cq: HTTP 400
[hive-mind 2026-06-04T01:17:32.464Z] Receipt error for msg_1780534267841_djvsr0: HTTP 400
[hive-mind 2026-06-04T01:17:32.464Z] Receipt error for msg_1780534277076_pwu0b4: HTTP 400
[hive-mind 2026-06-04T01:17:32.465Z] Receipt error for msg_1780534278945_zoxwyl: HTTP 400
[hive-mind 2026-06-04T01:17:32.466Z] Receipt error for msg_1780534279079_o2ku8s: HTTP 400
[hive-mind 2026-06-04T01:17:32.467Z] Receipt error for msg_1780534279589_qfdbzj: HTTP 400
[hive-mind 2026-06-04T01:17:32.468Z] Receipt error for msg_1780534281016_api35o: HTTP 400
[hive-mind 2026-06-04T01:17:32.468Z] Receipt error for msg_1780534282845_91b2vu: HTTP 400
[hive-mind 2026-06-04T01:17:32.469Z] Receipt error for msg_1780534297571_ok7t0u: HTTP 400
[hive-mind 2026-06-04T01:17:32.470Z] Receipt error for msg_1780534299023_ao5y5y: HTTP 400
[hive-mind 2026-06-04T01:17:32.471Z] Receipt error for msg_1780534299150_h9nd4j: HTTP 400
[hive-mind 2026-06-04T01:17:32.472Z] Receipt error for msg_1780534361181_nr9awu: HTTP 400
[hive-mind 2026-06-04T01:17:32.472Z] Receipt error for msg_1780534400704_b64n40: HTTP 400
[hive-mind 2026-06-04T01:17:32.473Z] Receipt error for msg_1780534455072_tn4uoi: HTTP 400
[hive-mind 2026-06-04T01:17:32.474Z] Receipt error for msg_1780534455081_kuk6i2: HTTP 400
[hive-mind 2026-06-04T01:17:32.475Z] Receipt error for msg_1780534485039_blmyhm: HTTP 400
[hive-mind 2026-06-04T01:17:32.475Z] Receipt error for msg_1780534490475_eidy3s: HTTP 400
[hive-mind 2026-06-04T01:17:32.476Z] Receipt error for msg_1780534496808_093id8: HTTP 400
[hive-mind 2026-06-04T01:17:32.477Z] Receipt error for msg_1780534501676_esxelj: HTTP 400
[hive-mind 2026-06-04T01:17:32.478Z] Receipt error for msg_1780534509997_b5cmju: HTTP 400
[hive-mind 2026-06-04T01:17:32.479Z] Receipt error for msg_1780534515087_nmkosm: HTTP 400
[hive-mind 2026-06-04T01:17:32.479Z] Receipt error for msg_1780534537578_cu4tmi: HTTP 400
[hive-mind 2026-06-04T01:17:32.480Z] Receipt error for msg_1780534573523_j0kfnh: HTTP 400
[hive-mind 2026-06-04T01:17:32.481Z] Receipt error for msg_1780534582676_k9e7hq: HTTP 400
[hive-mind 2026-06-04T01:17:32.481Z] Receipt error for msg_1780534582808_7zu799: HTTP 400
[hive-mind 2026-06-04T01:17:32.482Z] Receipt error for msg_1780534640220_qt96iu: HTTP 400
[hive-mind 2026-06-04T01:17:32.483Z] Receipt error for msg_1780534641441_c0bdor: HTTP 400
[hive-mind 2026-06-04T01:17:32.484Z] Receipt error for msg_1780534643617_tu00op: HTTP 400
[hive-mind 2026-06-04T01:17:32.484Z] Receipt error for msg_1780534797165_dlxl6l: HTTP 400
[hive-mind 2026-06-04T01:17:32.485Z] Receipt error for msg_1780534806622_2oxb6z: HTTP 400
[hive-mind 2026-06-04T01:17:32.486Z] Receipt error for msg_1780534806803_04j1zf: HTTP 400
[hive-mind 2026-06-04T01:17:32.487Z] Receipt error for msg_1780534999304_4ha79e: HTTP 400
[hive-mind 2026-06-04T01:17:32.488Z] Receipt error for msg_1780535000465_ad1hmc: HTTP 400
[hive-mind 2026-06-04T01:17:32.489Z] Receipt error for msg_1780535001534_wo38b6: HTTP 400
[hive-mind 2026-06-04T01:17:32.490Z] Receipt error for msg_1780535359581_k6v24k: HTTP 400
[hive-mind 2026-06-04T01:17:32.490Z] Receipt error for msg_1780535360671_e6leeo: HTTP 400
[hive-mind 2026-06-04T01:17:32.491Z] Receipt error for msg_1780535362018_r3pbxp: HTTP 400
[hive-mind 2026-06-04T01:17:32.492Z] Receipt error for msg_1780535719609_0b6tx5: HTTP 400
[hive-mind 2026-06-04T01:17:32.493Z] Receipt error for msg_1780535720146_g312sj: HTTP 400
[hive-mind 2026-06-04T01:17:32.493Z] Receipt error for msg_1780535721038_t9lcs6: HTTP 400
[hive-mind 2026-06-04T01:17:32.494Z] Receipt error for msg_1780535722511_ta0axh: HTTP 400
[hive-mind 2026-06-04T01:17:32.495Z] Receipt error for msg_1780535723762_snequs: HTTP 400
[hive-mind 2026-06-04T01:17:32.495Z] Receipt error for msg_1780535725064_kf9ua8: HTTP 400
[hive-mind 2026-06-04T01:17:32.496Z] Receipt error for msg_1780535725275_as8fcn: HTTP 400
[hive-mind 2026-06-04T01:17:32.497Z] Receipt error for msg_1780535739186_rp0uq0: HTTP 400
[hive-mind 2026-06-04T01:17:32.498Z] Receipt error for msg_1780535740795_ct3z4w: HTTP 400
[hive-mind 2026-06-04T01:17:32.499Z] Receipt error for msg_1780535740919_zvkcx5: HTTP 400
[hive-mind 2026-06-04T01:17:32.499Z] Receipt error for msg_1780535766903_owxzc4: HTTP 400
[hive-mind 2026-06-04T01:17:32.500Z] Receipt error for msg_1780535781311_s8beii: HTTP 400
[hive-mind 2026-06-04T01:17:32.501Z] Receipt error for msg_1780535786597_rugxpk: HTTP 400
[hive-mind 2026-06-04T01:17:32.501Z] Receipt error for msg_1780535787991_5yii7l: HTTP 400
[hive-mind 2026-06-04T01:17:32.502Z] Receipt error for msg_1780535788116_yqpcvu: HTTP 400
[hive-mind 2026-06-04T01:17:32.503Z] Receipt error for msg_1780535793241_gf4ppl: HTTP 400
[hive-mind 2026-06-04T01:17:32.503Z] Receipt error for msg_1780535795466_3jf46o: HTTP 400
[hive-mind 2026-06-04T01:17:32.504Z] Receipt error for msg_1780535797687_jrrxop: HTTP 400
[hive-mind 2026-06-04T01:17:32.505Z] Receipt error for msg_1780535805767_lbmgvf: HTTP 400
[hive-mind 2026-06-04T01:17:32.506Z] Receipt error for msg_1780535810279_4zvfju: HTTP 400
[hive-mind 2026-06-04T01:17:32.506Z] Receipt error for msg_1780535824096_vwk37b: HTTP 400
[hive-mind 2026-06-04T01:17:32.507Z] Receipt error for msg_1780535825607_l5o60l: HTTP 400
[hive-mind 2026-06-04T01:17:32.508Z] Receipt error for msg_1780535825714_wlabkd: HTTP 400
[hive-mind 2026-06-04T01:17:32.509Z] Receipt error for msg_1780535847644_xk5oqd: HTTP 400
[hive-mind 2026-06-04T01:17:32.510Z] Processed 100 new message(s)
[hive-mind 2026-06-04T01:17:32.511Z] Status report error: HTTP 400
[hive-mind 2026-06-04T01:17:37.516Z] Status report error: HTTP 400
nohup: ignoring input
[hive-mind 2026-06-04T01:19:28.009Z] Lock acquired (PID 674126)
[hive-mind 2026-06-04T01:19:28.009Z] Lock acquired (PID 674126)
[hive-mind 2026-06-04T01:19:28.010Z] Hive mind daemon starting
[hive-mind 2026-06-04T01:19:28.010Z] Hive mind daemon starting
[hive-mind 2026-06-04T01:19:28.068Z] Receipted msg msg_1780535861717_7lym9c from lazarus
[hive-mind 2026-06-04T01:19:28.068Z] Receipted msg msg_1780535861717_7lym9c from lazarus
[hive-mind 2026-06-04T01:19:28.074Z] Receipted msg msg_1780535873325_zbhw79 from atlas
[hive-mind 2026-06-04T01:19:28.074Z] Receipted msg msg_1780535873325_zbhw79 from atlas
[hive-mind 2026-06-04T01:19:28.082Z] Receipted msg msg_1780535881081_xji39o from lazarus
[hive-mind 2026-06-04T01:19:28.082Z] Receipted msg msg_1780535881081_xji39o from lazarus
[hive-mind 2026-06-04T01:19:28.090Z] Receipted msg msg_1780535881555_b8dykz from lazarus
[hive-mind 2026-06-04T01:19:28.090Z] Receipted msg msg_1780535881555_b8dykz from lazarus
[hive-mind 2026-06-04T01:19:28.095Z] Receipted msg msg_1780535883023_zoxpps from molly
[hive-mind 2026-06-04T01:19:28.095Z] Receipted msg msg_1780535883023_zoxpps from molly
[hive-mind 2026-06-04T01:19:28.100Z] Receipted msg msg_1780535883154_8xrbln from molly
[hive-mind 2026-06-04T01:19:28.100Z] Receipted msg msg_1780535883154_8xrbln from molly
[hive-mind 2026-06-04T01:19:28.104Z] Receipted msg msg_1780535960236_lwhiko from molly
[hive-mind 2026-06-04T01:19:28.104Z] Receipted msg msg_1780535960236_lwhiko from molly
[hive-mind 2026-06-04T01:19:28.110Z] Receipted msg msg_1780535968051_jwwktu from atlas
[hive-mind 2026-06-04T01:19:28.110Z] Receipted msg msg_1780535968051_jwwktu from atlas
[hive-mind 2026-06-04T01:19:28.111Z] Processed 8 new message(s)
[hive-mind 2026-06-04T01:19:28.111Z] Processed 8 new message(s)
[hive-mind 2026-06-04T01:19:28.115Z] Status report posted
[hive-mind 2026-06-04T01:19:28.115Z] Status report posted
[hive-mind 2026-06-04T01:19:33.123Z] Receipted msg msg_1780535968066_lxne38 from atlas
[hive-mind 2026-06-04T01:19:33.123Z] Receipted msg msg_1780535968066_lxne38 from atlas
[hive-mind 2026-06-04T01:19:33.125Z] Receipted msg msg_1780535968069_nmzuvg from atlas
[hive-mind 2026-06-04T01:19:33.125Z] Receipted msg msg_1780535968069_nmzuvg from atlas
[hive-mind 2026-06-04T01:19:33.128Z] Receipted msg msg_1780535968075_isoya8 from atlas
[hive-mind 2026-06-04T01:19:33.128Z] Receipted msg msg_1780535968075_isoya8 from atlas
[hive-mind 2026-06-04T01:19:33.131Z] Receipted msg msg_1780535968083_63m1f2 from atlas
[hive-mind 2026-06-04T01:19:33.131Z] Receipted msg msg_1780535968083_63m1f2 from atlas
[hive-mind 2026-06-04T01:19:33.136Z] Receipted msg msg_1780535968091_t5eruf from atlas
[hive-mind 2026-06-04T01:19:33.136Z] Receipted msg msg_1780535968091_t5eruf from atlas
[hive-mind 2026-06-04T01:19:33.139Z] Receipted msg msg_1780535968096_5cp1kc from atlas
[hive-mind 2026-06-04T01:19:33.139Z] Receipted msg msg_1780535968096_5cp1kc from atlas
[hive-mind 2026-06-04T01:19:33.141Z] Receipted msg msg_1780535968102_f014ok from atlas
[hive-mind 2026-06-04T01:19:33.141Z] Receipted msg msg_1780535968102_f014ok from atlas
[hive-mind 2026-06-04T01:19:33.144Z] Receipted msg msg_1780535968106_luiyuv from atlas
[hive-mind 2026-06-04T01:19:33.144Z] Receipted msg msg_1780535968106_luiyuv from atlas
[hive-mind 2026-06-04T01:19:33.147Z] Receipted msg msg_1780535968112_xdtmre from atlas
[hive-mind 2026-06-04T01:19:33.147Z] Receipted msg msg_1780535968112_xdtmre from atlas
[hive-mind 2026-06-04T01:19:33.147Z] Processed 9 new message(s)
[hive-mind 2026-06-04T01:19:33.147Z] Processed 9 new message(s)
[hive-mind 2026-06-04T01:20:06.962Z] Lock acquired (PID 675333)
[hive-mind 2026-06-04T01:20:06.965Z] Hive mind daemon starting
[hive-mind 2026-06-04T01:20:07.022Z] Receipted msg msg_1780535973121_o4n49m from atlas
[hive-mind 2026-06-04T01:20:07.026Z] Receipted msg msg_1780535973124_qs4nvp from atlas
[hive-mind 2026-06-04T01:20:07.031Z] Receipted msg msg_1780535973126_751f5h from atlas
[hive-mind 2026-06-04T01:20:07.034Z] Receipted msg msg_1780535973129_4sbw8i from atlas
[hive-mind 2026-06-04T01:20:07.040Z] Receipted msg msg_1780535973132_90t1n4 from atlas
[hive-mind 2026-06-04T01:20:07.043Z] Receipted msg msg_1780535973137_hir3dp from atlas
[hive-mind 2026-06-04T01:20:07.046Z] Receipted msg msg_1780535973140_k8i94i from atlas
[hive-mind 2026-06-04T01:20:07.054Z] Receipted msg msg_1780535973142_0dx9qp from atlas
[hive-mind 2026-06-04T01:20:07.058Z] Receipted msg msg_1780535973145_qupfav from atlas
[hive-mind 2026-06-04T01:20:07.062Z] Receipted msg msg_1780535979567_xodcme from eric
[hive-mind 2026-06-04T01:20:07.068Z] Receipted msg msg_1780535981802_ba9pzm from eric
[hive-mind 2026-06-04T01:20:07.072Z] Receipted msg msg_1780535983014_0hpjjy from molly
[hive-mind 2026-06-04T01:20:07.075Z] Receipted msg msg_1780535983143_ipw4gg from molly
[hive-mind 2026-06-04T01:20:07.080Z] Receipted msg msg_1780536007005_slcwiu from atlas
[hive-mind 2026-06-04T01:20:07.080Z] Processed 14 new message(s)
[hive-mind 2026-06-04T01:20:12.087Z] Receipted msg msg_1780536007020_d68e5e from atlas
[hive-mind 2026-06-04T01:20:12.090Z] Receipted msg msg_1780536007024_3wxkij from atlas
[hive-mind 2026-06-04T01:20:12.094Z] Receipted msg msg_1780536007027_rd7n0l from atlas
[hive-mind 2026-06-04T01:20:12.097Z] Receipted msg msg_1780536007032_agx1gs from atlas
[hive-mind 2026-06-04T01:20:12.102Z] Receipted msg msg_1780536007036_xf5tn5 from atlas
[hive-mind 2026-06-04T01:20:12.104Z] Receipted msg msg_1780536007041_poq1qu from atlas
[hive-mind 2026-06-04T01:20:12.110Z] Receipted msg msg_1780536007044_ib3v7e from atlas
[hive-mind 2026-06-04T01:20:12.114Z] Receipted msg msg_1780536007047_pzh94j from atlas
[hive-mind 2026-06-04T01:20:12.117Z] Receipted msg msg_1780536007056_k9e8wt from atlas
[hive-mind 2026-06-04T01:20:12.121Z] Receipted msg msg_1780536007060_lwx1b0 from atlas
[hive-mind 2026-06-04T01:20:12.124Z] Receipted msg msg_1780536007066_s9ebig from atlas
[hive-mind 2026-06-04T01:20:12.128Z] Receipted msg msg_1780536007069_n2ozuc from atlas
[hive-mind 2026-06-04T01:20:12.131Z] Receipted msg msg_1780536007073_a9mliw from atlas
[hive-mind 2026-06-04T01:20:12.134Z] Receipted msg msg_1780536007075_cohp0c from atlas
[hive-mind 2026-06-04T01:20:12.134Z] Processed 14 new message(s)
[hive-mind 2026-06-04T01:20:17.142Z] Receipted msg msg_1780536012085_ixch1a from atlas
[hive-mind 2026-06-04T01:20:17.145Z] Receipted msg msg_1780536012088_upwwjd from atlas
[hive-mind 2026-06-04T01:20:17.148Z] Receipted msg msg_1780536012091_y6x8m2 from atlas
[hive-mind 2026-06-04T01:20:17.151Z] Receipted msg msg_1780536012095_u520nm from atlas
[hive-mind 2026-06-04T01:20:17.159Z] Receipted msg msg_1780536012100_apfvw4 from atlas
[hive-mind 2026-06-04T01:20:17.162Z] Receipted msg msg_1780536012103_sap4ip from atlas
[hive-mind 2026-06-04T01:20:17.166Z] Receipted msg msg_1780536012107_m5cs8m from atlas
[hive-mind 2026-06-04T01:20:17.172Z] Receipted msg msg_1780536012112_4j3kap from atlas
[hive-mind 2026-06-04T01:20:17.174Z] Receipted msg msg_1780536012115_5i44pl from atlas
[hive-mind 2026-06-04T01:20:17.178Z] Receipted msg msg_1780536012118_qia7ne from atlas
[hive-mind 2026-06-04T01:20:17.181Z] Receipted msg msg_1780536012122_3zkch6 from atlas
[hive-mind 2026-06-04T01:20:17.183Z] Receipted msg msg_1780536012125_rfmz4v from atlas
[hive-mind 2026-06-04T01:20:17.186Z] Receipted msg msg_1780536012129_2xvvqg from atlas
[hive-mind 2026-06-04T01:20:17.188Z] Receipted msg msg_1780536012131_gzmjrn from atlas
[hive-mind 2026-06-04T01:20:17.191Z] Receipted msg msg_1780536015415_b9bjik from lazarus
[hive-mind 2026-06-04T01:20:17.193Z] Receipted msg msg_1780536015876_htglgt from lazarus
[hive-mind 2026-06-04T01:20:17.193Z] Processed 16 new message(s)
[hive-mind 2026-06-04T01:21:09.282Z] Lock acquired (PID 676951)
[hive-mind 2026-06-04T01:21:09.282Z] Lock acquired (PID 676951)
[hive-mind 2026-06-04T01:21:09.283Z] Hive mind daemon starting
[hive-mind 2026-06-04T01:21:09.283Z] Hive mind daemon starting
[hive-mind 2026-06-04T01:21:09.347Z] Receipted msg msg_1780535725064_kf9ua8 from molly
[hive-mind 2026-06-04T01:21:09.347Z] Receipted msg msg_1780535725064_kf9ua8 from molly
[hive-mind 2026-06-04T01:21:09.351Z] Receipted msg msg_1780535725275_as8fcn from molly
[hive-mind 2026-06-04T01:21:09.351Z] Receipted msg msg_1780535725275_as8fcn from molly
[hive-mind 2026-06-04T01:21:09.355Z] Receipted msg msg_1780535739186_rp0uq0 from eric
[hive-mind 2026-06-04T01:21:09.355Z] Receipted msg msg_1780535739186_rp0uq0 from eric
[hive-mind 2026-06-04T01:21:09.362Z] Receipted msg msg_1780535740795_ct3z4w from molly
[hive-mind 2026-06-04T01:21:09.362Z] Receipted msg msg_1780535740795_ct3z4w from molly
[hive-mind 2026-06-04T01:21:09.365Z] Receipted msg msg_1780535740919_zvkcx5 from molly
[hive-mind 2026-06-04T01:21:09.365Z] Receipted msg msg_1780535740919_zvkcx5 from molly
[hive-mind 2026-06-04T01:21:09.368Z] Receipted msg msg_1780535766903_owxzc4 from lazarus
[hive-mind 2026-06-04T01:21:09.368Z] Receipted msg msg_1780535766903_owxzc4 from lazarus
[hive-mind 2026-06-04T01:21:09.372Z] Receipted msg msg_1780535781311_s8beii from lazarus
[hive-mind 2026-06-04T01:21:09.372Z] Receipted msg msg_1780535781311_s8beii from lazarus
[hive-mind 2026-06-04T01:21:09.376Z] Receipted msg msg_1780535786597_rugxpk from lazarus
[hive-mind 2026-06-04T01:21:09.376Z] Receipted msg msg_1780535786597_rugxpk from lazarus
[hive-mind 2026-06-04T01:21:09.380Z] Receipted msg msg_1780535787991_5yii7l from molly
[hive-mind 2026-06-04T01:21:09.380Z] Receipted msg msg_1780535787991_5yii7l from molly
[hive-mind 2026-06-04T01:21:09.383Z] Receipted msg msg_1780535788116_yqpcvu from molly
[hive-mind 2026-06-04T01:21:09.383Z] Receipted msg msg_1780535788116_yqpcvu from molly
[hive-mind 2026-06-04T01:21:09.386Z] Receipted msg msg_1780535793241_gf4ppl from lazarus
[hive-mind 2026-06-04T01:21:09.386Z] Receipted msg msg_1780535793241_gf4ppl from lazarus
[hive-mind 2026-06-04T01:21:09.390Z] Receipted msg msg_1780535797687_jrrxop from eric
[hive-mind 2026-06-04T01:21:09.390Z] Receipted msg msg_1780535797687_jrrxop from eric
[hive-mind 2026-06-04T01:21:09.393Z] Receipted msg msg_1780535805767_lbmgvf from eric
[hive-mind 2026-06-04T01:21:09.393Z] Receipted msg msg_1780535805767_lbmgvf from eric
[hive-mind 2026-06-04T01:21:09.396Z] Receipted msg msg_1780535810279_4zvfju from molly
[hive-mind 2026-06-04T01:21:09.396Z] Receipted msg msg_1780535810279_4zvfju from molly
[hive-mind 2026-06-04T01:21:09.398Z] Receipted msg msg_1780535824096_vwk37b from eric
[hive-mind 2026-06-04T01:21:09.398Z] Receipted msg msg_1780535824096_vwk37b from eric
[hive-mind 2026-06-04T01:21:09.400Z] Receipted msg msg_1780535825607_l5o60l from molly
[hive-mind 2026-06-04T01:21:09.400Z] Receipted msg msg_1780535825607_l5o60l from molly
[hive-mind 2026-06-04T01:21:09.403Z] Receipted msg msg_1780535825714_wlabkd from molly
[hive-mind 2026-06-04T01:21:09.403Z] Receipted msg msg_1780535825714_wlabkd from molly
[hive-mind 2026-06-04T01:21:09.410Z] Receipted msg msg_1780535847644_xk5oqd from eric
[hive-mind 2026-06-04T01:21:09.410Z] Receipted msg msg_1780535847644_xk5oqd from eric
[hive-mind 2026-06-04T01:21:09.414Z] Receipted msg msg_1780535861717_7lym9c from lazarus
[hive-mind 2026-06-04T01:21:09.414Z] Receipted msg msg_1780535861717_7lym9c from lazarus
[hive-mind 2026-06-04T01:21:09.418Z] Receipted msg msg_1780535881081_xji39o from lazarus
[hive-mind 2026-06-04T01:21:09.418Z] Receipted msg msg_1780535881081_xji39o from lazarus
[hive-mind 2026-06-04T01:21:09.420Z] Receipted msg msg_1780535881555_b8dykz from lazarus
[hive-mind 2026-06-04T01:21:09.420Z] Receipted msg msg_1780535881555_b8dykz from lazarus
[hive-mind 2026-06-04T01:21:09.423Z] Receipted msg msg_1780535883023_zoxpps from molly
[hive-mind 2026-06-04T01:21:09.423Z] Receipted msg msg_1780535883023_zoxpps from molly
[hive-mind 2026-06-04T01:21:09.426Z] Receipted msg msg_1780535883154_8xrbln from molly
[hive-mind 2026-06-04T01:21:09.426Z] Receipted msg msg_1780535883154_8xrbln from molly
[hive-mind 2026-06-04T01:21:09.430Z] Receipted msg msg_1780535960236_lwhiko from molly
[hive-mind 2026-06-04T01:21:09.430Z] Receipted msg msg_1780535960236_lwhiko from molly
[hive-mind 2026-06-04T01:21:09.435Z] Receipted msg msg_1780535979567_xodcme from eric
[hive-mind 2026-06-04T01:21:09.435Z] Receipted msg msg_1780535979567_xodcme from eric
[hive-mind 2026-06-04T01:21:09.437Z] Receipted msg msg_1780535981802_ba9pzm from eric
[hive-mind 2026-06-04T01:21:09.437Z] Receipted msg msg_1780535981802_ba9pzm from eric
[hive-mind 2026-06-04T01:21:09.441Z] Receipted msg msg_1780535983014_0hpjjy from molly
[hive-mind 2026-06-04T01:21:09.441Z] Receipted msg msg_1780535983014_0hpjjy from molly
[hive-mind 2026-06-04T01:21:09.444Z] Receipted msg msg_1780535983143_ipw4gg from molly
[hive-mind 2026-06-04T01:21:09.444Z] Receipted msg msg_1780535983143_ipw4gg from molly
[hive-mind 2026-06-04T01:21:09.447Z] Receipted msg msg_1780536015415_b9bjik from lazarus
[hive-mind 2026-06-04T01:21:09.447Z] Receipted msg msg_1780536015415_b9bjik from lazarus
[hive-mind 2026-06-04T01:21:09.450Z] Receipted msg msg_1780536015876_htglgt from lazarus
[hive-mind 2026-06-04T01:21:09.450Z] Receipted msg msg_1780536015876_htglgt from lazarus
[hive-mind 2026-06-04T01:21:09.453Z] Receipted msg msg_1780536037717_9qrfr6 from eric
[hive-mind 2026-06-04T01:21:09.453Z] Receipted msg msg_1780536037717_9qrfr6 from eric
[hive-mind 2026-06-04T01:21:09.458Z] Receipted msg msg_1780536038993_b96eze from molly
[hive-mind 2026-06-04T01:21:09.458Z] Receipted msg msg_1780536038993_b96eze from molly
[hive-mind 2026-06-04T01:21:09.462Z] Receipted msg msg_1780536039088_d1jury from molly
[hive-mind 2026-06-04T01:21:09.462Z] Receipted msg msg_1780536039088_d1jury from molly
[hive-mind 2026-06-04T01:21:09.463Z] Processed 100 new message(s)
[hive-mind 2026-06-04T01:21:09.463Z] Processed 100 new message(s)
[hive-mind 2026-06-04T01:21:09.470Z] Status report posted
[hive-mind 2026-06-04T01:21:09.470Z] Status report posted
[hive-mind 2026-06-04T01:21:14.474Z] Processed 34 new message(s)
[hive-mind 2026-06-04T01:21:14.474Z] Processed 34 new message(s)
nohup: ignoring input
[hive-mind 2026-06-04T01:22:05.264Z] Lock acquired (PID 678579)
[hive-mind 2026-06-04T01:22:05.264Z] Lock acquired (PID 678579)
[hive-mind 2026-06-04T01:22:05.266Z] Hive mind daemon starting
[hive-mind 2026-06-04T01:22:05.266Z] Hive mind daemon starting
[hive-mind 2026-06-04T01:22:05.327Z] Receipted msg msg_1780535979567_xodcme from eric
[hive-mind 2026-06-04T01:22:05.327Z] Receipted msg msg_1780535979567_xodcme from eric
[hive-mind 2026-06-04T01:22:05.331Z] Receipted msg msg_1780535981802_ba9pzm from eric
[hive-mind 2026-06-04T01:22:05.331Z] Receipted msg msg_1780535981802_ba9pzm from eric
[hive-mind 2026-06-04T01:22:05.338Z] Receipted msg msg_1780535983014_0hpjjy from molly
[hive-mind 2026-06-04T01:22:05.338Z] Receipted msg msg_1780535983014_0hpjjy from molly
[hive-mind 2026-06-04T01:22:05.343Z] Receipted msg msg_1780535983143_ipw4gg from molly
[hive-mind 2026-06-04T01:22:05.343Z] Receipted msg msg_1780535983143_ipw4gg from molly
[hive-mind 2026-06-04T01:22:05.346Z] Receipted msg msg_1780536015415_b9bjik from lazarus
[hive-mind 2026-06-04T01:22:05.346Z] Receipted msg msg_1780536015415_b9bjik from lazarus
[hive-mind 2026-06-04T01:22:05.349Z] Receipted msg msg_1780536015876_htglgt from lazarus
[hive-mind 2026-06-04T01:22:05.349Z] Receipted msg msg_1780536015876_htglgt from lazarus
[hive-mind 2026-06-04T01:22:05.353Z] Receipted msg msg_1780536037717_9qrfr6 from eric
[hive-mind 2026-06-04T01:22:05.353Z] Receipted msg msg_1780536037717_9qrfr6 from eric
[hive-mind 2026-06-04T01:22:05.357Z] Receipted msg msg_1780536038993_b96eze from molly
[hive-mind 2026-06-04T01:22:05.357Z] Receipted msg msg_1780536038993_b96eze from molly
[hive-mind 2026-06-04T01:22:05.360Z] Receipted msg msg_1780536039088_d1jury from molly
[hive-mind 2026-06-04T01:22:05.360Z] Receipted msg msg_1780536039088_d1jury from molly
[hive-mind 2026-06-04T01:22:05.363Z] Receipted msg msg_1780536079855_zvj5zr from molly
[hive-mind 2026-06-04T01:22:05.363Z] Receipted msg msg_1780536079855_zvj5zr from molly
[hive-mind 2026-06-04T01:22:05.366Z] Receipted msg msg_1780536081219_wyfph4 from molly
[hive-mind 2026-06-04T01:22:05.366Z] Receipted msg msg_1780536081219_wyfph4 from molly
[hive-mind 2026-06-04T01:22:05.369Z] Receipted msg msg_1780536082385_do0jb7 from molly
[hive-mind 2026-06-04T01:22:05.369Z] Receipted msg msg_1780536082385_do0jb7 from molly
[hive-mind 2026-06-04T01:22:05.372Z] Receipted msg msg_1780536083508_ju2mau from molly
[hive-mind 2026-06-04T01:22:05.372Z] Receipted msg msg_1780536083508_ju2mau from molly
[hive-mind 2026-06-04T01:22:05.375Z] Receipted msg msg_1780536084455_lfnuhe from molly
[hive-mind 2026-06-04T01:22:05.375Z] Receipted msg msg_1780536084455_lfnuhe from molly
[hive-mind 2026-06-04T01:22:05.380Z] Receipted msg msg_1780536085661_bng8ti from molly
[hive-mind 2026-06-04T01:22:05.380Z] Receipted msg msg_1780536085661_bng8ti from molly
[hive-mind 2026-06-04T01:22:05.382Z] Receipted msg msg_1780536113578_syorw6 from eric
[hive-mind 2026-06-04T01:22:05.382Z] Receipted msg msg_1780536113578_syorw6 from eric
[hive-mind 2026-06-04T01:22:05.385Z] Receipted msg msg_1780536118329_6wjdm4 from molly
[hive-mind 2026-06-04T01:22:05.385Z] Receipted msg msg_1780536118329_6wjdm4 from molly
[hive-mind 2026-06-04T01:22:05.389Z] Receipted msg msg_1780536118451_qm91j1 from molly
[hive-mind 2026-06-04T01:22:05.389Z] Receipted msg msg_1780536118451_qm91j1 from molly
[hive-mind 2026-06-04T01:22:05.392Z] Receipted msg msg_1780536122873_u5w87o from lazarus
[hive-mind 2026-06-04T01:22:05.392Z] Receipted msg msg_1780536122873_u5w87o from lazarus
[hive-mind 2026-06-04T01:22:05.392Z] Processed 100 new message(s)
[hive-mind 2026-06-04T01:22:05.392Z] Processed 100 new message(s)
[hive-mind 2026-06-04T01:22:05.395Z] Status report posted
[hive-mind 2026-06-04T01:22:05.395Z] Status report posted
[hive-mind 2026-06-04T01:22:10.403Z] Receipted msg msg_1780536128093_evk6nx from lazarus
[hive-mind 2026-06-04T01:22:10.403Z] Receipted msg msg_1780536128093_evk6nx from lazarus
[hive-mind 2026-06-04T01:22:10.403Z] Processed 21 new message(s)
[hive-mind 2026-06-04T01:22:10.403Z] Processed 21 new message(s)
[hive-mind 2026-06-04T01:22:15.407Z] Processed 1 new message(s)
[hive-mind 2026-06-04T01:22:15.407Z] Processed 1 new message(s)
[hive-mind 2026-06-04T01:22:35.420Z] Processed 1 new message(s)
[hive-mind 2026-06-04T01:22:35.420Z] Processed 1 new message(s)
nohup: ignoring input
[hive-mind 2026-06-04T01:23:14.654Z] Lock acquired (PID 680572)
[hive-mind 2026-06-04T01:23:14.655Z] Hive mind daemon starting
[hive-mind 2026-06-04T01:23:14.717Z] Receipted msg msg_1780536015415_b9bjik from lazarus
[hive-mind 2026-06-04T01:23:14.721Z] Receipted msg msg_1780536015876_htglgt from lazarus
[hive-mind 2026-06-04T01:23:14.725Z] Receipted msg msg_1780536037717_9qrfr6 from eric
[hive-mind 2026-06-04T01:23:14.733Z] Receipted msg msg_1780536038993_b96eze from molly
[hive-mind 2026-06-04T01:23:14.736Z] Receipted msg msg_1780536039088_d1jury from molly
[hive-mind 2026-06-04T01:23:14.740Z] Receipted msg msg_1780536079855_zvj5zr from molly
[hive-mind 2026-06-04T01:23:14.744Z] Receipted msg msg_1780536081219_wyfph4 from molly
[hive-mind 2026-06-04T01:23:14.751Z] Receipted msg msg_1780536082385_do0jb7 from molly
[hive-mind 2026-06-04T01:23:14.754Z] Receipted msg msg_1780536083508_ju2mau from molly
[hive-mind 2026-06-04T01:23:14.757Z] Receipted msg msg_1780536084455_lfnuhe from molly
[hive-mind 2026-06-04T01:23:14.760Z] Receipted msg msg_1780536085661_bng8ti from molly
[hive-mind 2026-06-04T01:23:14.765Z] Receipted msg msg_1780536113578_syorw6 from eric
[hive-mind 2026-06-04T01:23:14.768Z] Receipted msg msg_1780536118329_6wjdm4 from molly
[hive-mind 2026-06-04T01:23:14.772Z] Receipted msg msg_1780536118451_qm91j1 from molly
[hive-mind 2026-06-04T01:23:14.778Z] Receipted msg msg_1780536122873_u5w87o from lazarus
[hive-mind 2026-06-04T01:23:14.780Z] Receipted msg msg_1780536128093_evk6nx from lazarus
[hive-mind 2026-06-04T01:23:14.781Z] Processed 100 new message(s)
[hive-mind 2026-06-04T01:23:14.785Z] Status report posted
[hive-mind 2026-06-04T01:23:15.440Z] Hive mind daemon stopped
[hive-mind 2026-06-04T01:23:15.440Z] Hive mind daemon stopped
[hive-mind 2026-06-04T01:23:19.792Z] Receipted msg msg_1780536199771_zw45k8 from molly
[hive-mind 2026-06-04T01:23:19.792Z] Processed 18 new message(s)
[hive-mind 2026-06-04T01:23:24.797Z] Processed 1 new message(s)
[hive-mind 2026-06-04T01:25:04.863Z] Processed 1 new message(s)
[hive-mind 2026-06-04T01:25:24.877Z] Receipted msg msg_1780536320187_3djv9g from molly
[hive-mind 2026-06-04T01:25:24.877Z] Processed 1 new message(s)
[hive-mind 2026-06-04T01:25:29.880Z] Processed 1 new message(s)
[hive-mind 2026-06-04T01:26:09.907Z] Keepalive sent to lazarus (quiet 4m)
[hive-mind 2026-06-04T01:26:14.910Z] Processed 1 new message(s)
[hive-mind 2026-06-04T01:27:24.952Z] Receipted msg msg_1780536440041_zkpjw8 from molly
[hive-mind 2026-06-04T01:27:24.954Z] Receipted msg msg_1780536440862_ztj0t2 from molly
[hive-mind 2026-06-04T01:27:24.958Z] Receipted msg msg_1780536442274_h8wu6r from molly
[hive-mind 2026-06-04T01:27:24.960Z] Receipted msg msg_1780536443657_32x3ak from molly
[hive-mind 2026-06-04T01:27:24.960Z] Processed 4 new message(s)
[hive-mind 2026-06-04T01:27:29.962Z] Processed 4 new message(s)
[hive-mind 2026-06-04T01:28:14.989Z] Status report posted
[hive-mind 2026-06-04T01:28:19.993Z] Processed 1 new message(s)
[hive-mind 2026-06-04T01:29:25.037Z] Receipted msg msg_1780536560643_tdkbly from lazarus
[hive-mind 2026-06-04T01:29:25.040Z] Receipted msg msg_1780536561266_p18so6 from molly
[hive-mind 2026-06-04T01:29:25.040Z] Processed 2 new message(s)
[hive-mind 2026-06-04T01:29:30.045Z] Receipted msg msg_1780536565646_wdu6zh from lazarus
[hive-mind 2026-06-04T01:29:30.045Z] Processed 3 new message(s)
[hive-mind 2026-06-04T01:29:35.048Z] Processed 1 new message(s)
[hive-mind 2026-06-04T01:29:40.050Z] Processed 1 new message(s)
[hive-mind 2026-06-04T01:30:50.100Z] Receipted msg msg_1780536650091_79toj7 from lazarus
[hive-mind 2026-06-04T01:30:50.100Z] Processed 1 new message(s)
[hive-mind 2026-06-04T01:30:55.106Z] Receipted msg msg_1780536650491_lrsprh from lazarus
[hive-mind 2026-06-04T01:30:55.106Z] Processed 2 new message(s)
[hive-mind 2026-06-04T01:31:00.109Z] Processed 1 new message(s)
[hive-mind 2026-06-04T01:31:15.119Z] Processed 1 new message(s)
[hive-mind 2026-06-04T01:31:25.131Z] Receipted msg msg_1780536680477_304xw3 from molly
[hive-mind 2026-06-04T01:31:25.131Z] Processed 1 new message(s)
[hive-mind 2026-06-04T01:31:30.134Z] Processed 1 new message(s)
[hive-mind 2026-06-04T01:31:40.144Z] Receipted msg msg_1780536700015_xpitvq from lazarus
[hive-mind 2026-06-04T01:31:40.144Z] Processed 1 new message(s)
[hive-mind 2026-06-04T01:31:45.150Z] Receipted msg msg_1780536700448_9omrdy from lazarus
[hive-mind 2026-06-04T01:31:45.150Z] Processed 2 new message(s)
[hive-mind 2026-06-04T01:31:50.153Z] Processed 1 new message(s)
[hive-mind 2026-06-04T01:32:45.187Z] Poll error: fetch failed
[hive-mind 2026-06-04T01:32:50.195Z] Receipted msg msg_1780536768369_x9lnr7 from switchboard
[hive-mind 2026-06-04T01:32:50.195Z] Processed 1 new message(s)
[hive-mind 2026-06-04T01:32:55.201Z] Receipted msg msg_1780536772536_3p99zo from molly
[hive-mind 2026-06-04T01:32:55.204Z] Receipted msg msg_1780536773480_3b2fgw from molly
[hive-mind 2026-06-04T01:32:55.206Z] Receipted msg msg_1780536773571_0lato5 from molly
[hive-mind 2026-06-04T01:32:55.206Z] Processed 4 new message(s)
[hive-mind 2026-06-04T01:33:00.209Z] Processed 3 new message(s)
[hive-mind 2026-06-04T01:33:05.214Z] Receipted msg msg_1780536784591_a5uoyk from eric
[hive-mind 2026-06-04T01:33:05.217Z] Receipted msg msg_1780536784864_5rlc5c from lazarus
[hive-mind 2026-06-04T01:33:05.217Z] Processed 2 new message(s)
[hive-mind 2026-06-04T01:33:10.220Z] Processed 2 new message(s)
[hive-mind 2026-06-04T01:33:15.226Z] Receipted msg msg_1780536791575_uf3x4r from lazarus
[hive-mind 2026-06-04T01:33:15.226Z] Processed 1 new message(s)
[hive-mind 2026-06-04T01:33:15.229Z] Status report posted
[hive-mind 2026-06-04T01:33:20.234Z] Receipted msg msg_1780536799440_mebbeh from lazarus
[hive-mind 2026-06-04T01:33:20.234Z] Processed 3 new message(s)
[hive-mind 2026-06-04T01:33:25.240Z] Receipted msg msg_1780536801174_oidqn6 from molly
[hive-mind 2026-06-04T01:33:25.243Z] Receipted msg msg_1780536801822_8fjye0 from lazarus
[hive-mind 2026-06-04T01:33:25.246Z] Receipted msg msg_1780536802117_yw2n1b from molly
[hive-mind 2026-06-04T01:33:25.248Z] Receipted msg msg_1780536804019_0horvi from molly
[hive-mind 2026-06-04T01:33:25.251Z] Receipted msg msg_1780536804029_wzkg6p from molly
[hive-mind 2026-06-04T01:33:25.254Z] Receipted msg msg_1780536804944_72dbnw from molly
[hive-mind 2026-06-04T01:33:25.257Z] Receipted msg msg_1780536805106_5026z5 from molly
[hive-mind 2026-06-04T01:33:25.257Z] Processed 8 new message(s)
[hive-mind 2026-06-04T01:33:30.263Z] Receipted msg msg_1780536805713_ubfyc8 from molly
[hive-mind 2026-06-04T01:33:30.267Z] Receipted msg msg_1780536805891_g4sote from molly
[hive-mind 2026-06-04T01:33:30.270Z] Receipted msg msg_1780536806345_ia2be9 from molly
[hive-mind 2026-06-04T01:33:30.270Z] Processed 11 new message(s)
[hive-mind 2026-06-04T01:33:35.273Z] Processed 3 new message(s)
[hive-mind 2026-06-04T01:34:00.292Z] Receipted msg msg_1780536838209_e7vocz from lazarus
[hive-mind 2026-06-04T01:34:00.292Z] Processed 1 new message(s)
[hive-mind 2026-06-04T01:34:05.295Z] Processed 1 new message(s)
[hive-mind 2026-06-04T01:35:00.334Z] Receipted msg msg_1780536896528_vroylb from lazarus
[hive-mind 2026-06-04T01:35:00.337Z] Receipted msg msg_1780536898011_p69qt4 from lazarus
[hive-mind 2026-06-04T01:35:00.337Z] Processed 3 new message(s)
[hive-mind 2026-06-04T01:35:05.340Z] Processed 2 new message(s)
[hive-mind 2026-06-04T01:35:20.351Z] Receipted msg msg_1780536919797_ibetst from molly
[hive-mind 2026-06-04T01:35:20.352Z] Processed 1 new message(s)
[hive-mind 2026-06-04T01:35:25.355Z] Processed 1 new message(s)
[hive-mind 2026-06-04T01:35:45.373Z] Receipted msg msg_1780536942783_vj2oh4 from lazarus
[hive-mind 2026-06-04T01:35:45.376Z] Receipted msg msg_1780536944287_dn7hvy from lazarus
[hive-mind 2026-06-04T01:35:45.376Z] Processed 2 new message(s)
[hive-mind 2026-06-04T01:35:50.380Z] Processed 2 new message(s)
[hive-mind 2026-06-04T01:35:55.384Z] Processed 1 new message(s)
[hive-mind 2026-06-04T01:36:10.396Z] Receipted msg msg_1780536969640_th0paw from lazarus
[hive-mind 2026-06-04T01:36:10.396Z] Processed 1 new message(s)
[hive-mind 2026-06-04T01:36:15.399Z] Processed 1 new message(s)
[hive-mind 2026-06-04T01:37:20.442Z] Receipted msg msg_1780537039174_ua1eaw from molly
[hive-mind 2026-06-04T01:37:20.445Z] Receipted msg msg_1780537040433_b3pgbg from molly
[hive-mind 2026-06-04T01:37:20.445Z] Processed 2 new message(s)
[hive-mind 2026-06-04T01:37:25.448Z] Processed 2 new message(s)
[hive-mind 2026-06-04T01:38:10.479Z] Receipted msg msg_1780537088497_w8796p from eric
[hive-mind 2026-06-04T01:38:10.481Z] Receipted msg msg_1780537089980_xegbn0 from molly
[hive-mind 2026-06-04T01:38:10.484Z] Receipted msg msg_1780537090076_jq88nu from molly
[hive-mind 2026-06-04T01:38:10.484Z] Processed 3 new message(s)
[hive-mind 2026-06-04T01:38:15.487Z] Processed 3 new message(s)
[hive-mind 2026-06-04T01:38:15.490Z] Status report posted
[hive-mind 2026-06-04T01:38:20.493Z] Processed 1 new message(s)
[hive-mind 2026-06-04T01:39:00.519Z] Receipted msg msg_1780537139592_yqurnn from eric
[hive-mind 2026-06-04T01:39:00.520Z] Processed 1 new message(s)
[hive-mind 2026-06-04T01:39:05.522Z] Processed 1 new message(s)
[hive-mind 2026-06-04T01:39:20.534Z] Receipted msg msg_1780537159774_gk2gmq from molly
[hive-mind 2026-06-04T01:39:20.534Z] Processed 1 new message(s)
[hive-mind 2026-06-04T01:39:25.538Z] Receipted msg msg_1780537160888_uru33p from molly
[hive-mind 2026-06-04T01:39:25.539Z] Processed 2 new message(s)
[hive-mind 2026-06-04T01:39:30.541Z] Processed 1 new message(s)
[hive-mind 2026-06-04T01:40:05.565Z] Receipted msg msg_1780537201722_kmyhbh from eric
[hive-mind 2026-06-04T01:40:05.569Z] Receipted msg msg_1780537203132_4edzu9 from molly
[hive-mind 2026-06-04T01:40:05.571Z] Receipted msg msg_1780537203221_5tny1z from molly
[hive-mind 2026-06-04T01:40:05.571Z] Processed 3 new message(s)
[hive-mind 2026-06-04T01:40:10.573Z] Processed 3 new message(s)
[hive-mind 2026-06-04T01:40:10.578Z] Keepalive sent to lazarus (quiet 4m)
[hive-mind 2026-06-04T01:40:15.581Z] Processed 1 new message(s)
[hive-mind 2026-06-04T01:40:35.594Z] Receipted msg msg_1780537233041_sqwyk3 from eric
[hive-mind 2026-06-04T01:40:35.594Z] Processed 1 new message(s)
[hive-mind 2026-06-04T01:40:40.597Z] Processed 1 new message(s)
[hive-mind 2026-06-04T01:41:20.623Z] Receipted msg msg_1780537279144_3ztb0z from lazarus
[hive-mind 2026-06-04T01:41:20.626Z] Receipted msg msg_1780537280562_w388pl from lazarus
[hive-mind 2026-06-04T01:41:20.626Z] Processed 2 new message(s)
[hive-mind 2026-06-04T01:41:25.629Z] Processed 2 new message(s)
[hive-mind 2026-06-04T01:41:45.643Z] Receipted msg msg_1780537304105_wcky33 from lazarus
[hive-mind 2026-06-04T01:41:45.644Z] Processed 1 new message(s)
[hive-mind 2026-06-04T01:41:50.647Z] Processed 1 new message(s)
[hive-mind 2026-06-04T01:42:30.672Z] Receipted msg msg_1780537345843_oppalz from lazarus
[hive-mind 2026-06-04T01:42:30.672Z] Processed 1 new message(s)
[hive-mind 2026-06-04T01:42:35.676Z] Processed 1 new message(s)
[hive-mind 2026-06-04T01:43:05.695Z] Keepalive sent to molly (quiet 3m)
[hive-mind 2026-06-04T01:43:10.697Z] Processed 1 new message(s)
[hive-mind 2026-06-04T01:43:15.702Z] Status report posted
[hive-mind 2026-06-04T01:43:20.705Z] Processed 2 new message(s)
[hive-mind 2026-06-04T01:43:50.723Z] Receipted msg msg_1780537428927_kx6tq7 from eric
[hive-mind 2026-06-04T01:43:50.726Z] Receipted msg msg_1780537430190_s2sxoq from molly
[hive-mind 2026-06-04T01:43:50.731Z] Receipted msg msg_1780537430325_9udky9 from molly
[hive-mind 2026-06-04T01:43:50.731Z] Processed 3 new message(s)
[hive-mind 2026-06-04T01:43:55.735Z] Processed 3 new message(s)
[hive-mind 2026-06-04T01:44:15.751Z] Receipted msg msg_1780537453127_nsgk9a from eric
[hive-mind 2026-06-04T01:44:15.751Z] Processed 1 new message(s)
[hive-mind 2026-06-04T01:44:20.753Z] Processed 1 new message(s)
[hive-mind 2026-06-04T01:45:21.332Z] Receipted msg msg_1780537519789_5odlmb from molly
[hive-mind 2026-06-04T01:45:21.335Z] Receipted msg msg_1780537521138_1cvons from molly
[hive-mind 2026-06-04T01:45:21.335Z] Processed 2 new message(s)
[hive-mind 2026-06-04T01:45:26.340Z] Receipted msg msg_1780537522555_ijy1oy from molly
[hive-mind 2026-06-04T01:45:26.340Z] Processed 3 new message(s)
[hive-mind 2026-06-04T01:45:31.342Z] Processed 1 new message(s)
[hive-mind 2026-06-04T01:45:46.354Z] Receipted msg msg_1780537545588_9dwg7e from eric
[hive-mind 2026-06-04T01:45:46.354Z] Processed 1 new message(s)
[hive-mind 2026-06-04T01:45:51.359Z] Receipted msg msg_1780537546525_1lsyjb from molly
[hive-mind 2026-06-04T01:45:51.361Z] Receipted msg msg_1780537546684_mne3sv from molly
[hive-mind 2026-06-04T01:45:51.361Z] Processed 3 new message(s)
[hive-mind 2026-06-04T01:45:56.364Z] Processed 2 new message(s)
nohup: ignoring input
[hive-mind 2026-06-04T01:46:07.474Z] Lock acquired (PID 716112)
[hive-mind 2026-06-04T01:46:07.476Z] Hive mind daemon starting
[hive-mind 2026-06-04T01:46:07.535Z] Processed 1 new message(s)
[hive-mind 2026-06-04T01:46:11.370Z] Hive mind daemon stopped
[hive-mind 2026-06-04T01:46:27.553Z] Processed 1 new message(s)
[hive-mind 2026-06-04T01:46:27.558Z] Keepalive sent to lazarus (quiet 4m)
[hive-mind 2026-06-04T01:46:32.561Z] Processed 1 new message(s)
[hive-mind 2026-06-04T01:47:22.596Z] Receipted msg msg_1780537640032_9cryio from molly
[hive-mind 2026-06-04T01:47:22.597Z] Processed 1 new message(s)
[hive-mind 2026-06-04T01:47:27.600Z] Processed 1 new message(s)
[hive-mind 2026-06-04T01:48:17.632Z] Status report posted
[hive-mind 2026-06-04T01:48:22.635Z] Processed 1 new message(s)
nohup: ignoring input
[hive-mind 2026-06-04T01:48:44.495Z] Already running (PID 716112) — exiting
nohup: ignoring input
[hive-mind 2026-06-04T01:48:52.236Z] Lock acquired (PID 720243)
[hive-mind 2026-06-04T01:48:52.237Z] Hive mind daemon starting
[hive-mind 2026-06-04T01:48:52.293Z] Processed 1 new message(s)
[hive-mind 2026-06-04T01:48:52.649Z] Hive mind daemon stopped
[hive-mind 2026-06-04T01:49:22.324Z] Receipted msg msg_1780537760643_9hvdoj from molly
[hive-mind 2026-06-04T01:49:22.324Z] Processed 1 new message(s)
[hive-mind 2026-06-04T01:49:27.328Z] Processed 1 new message(s)
[hive-mind 2026-06-04T01:50:32.371Z] Keepalive sent to lazarus (quiet 8m)
[hive-mind 2026-06-04T01:50:37.374Z] Processed 1 new message(s)
[hive-mind 2026-06-04T01:51:02.393Z] Receipted msg msg_1780537859774_g1a5da from lazarus
[hive-mind 2026-06-04T01:51:02.393Z] Processed 1 new message(s)
[hive-mind 2026-06-04T01:51:07.397Z] Processed 1 new message(s)
[hive-mind 2026-06-04T01:51:22.411Z] Receipted msg msg_1780537879849_7rowah from molly
[hive-mind 2026-06-04T01:51:22.413Z] Receipted msg msg_1780537880860_j2pzni from molly
[hive-mind 2026-06-04T01:51:22.415Z] Receipted msg msg_1780537882317_vsm0ck from molly
[hive-mind 2026-06-04T01:51:22.415Z] Processed 3 new message(s)
[hive-mind 2026-06-04T01:51:27.418Z] Processed 3 new message(s)
[hive-mind 2026-06-04T01:51:42.425Z] Processed 1 new message(s)
[hive-mind 2026-06-04T01:53:12.481Z] Receipted msg msg_1780537987506_krrvyr from lazarus
[hive-mind 2026-06-04T01:53:12.481Z] Processed 1 new message(s)
[hive-mind 2026-06-04T01:53:17.484Z] Processed 1 new message(s)
[hive-mind 2026-06-04T01:53:22.488Z] Receipted msg msg_1780538000367_pjxl8f from molly
[hive-mind 2026-06-04T01:53:22.489Z] Processed 1 new message(s)
[hive-mind 2026-06-04T01:53:22.491Z] Status report posted
[hive-mind 2026-06-04T01:53:27.495Z] Processed 2 new message(s)
[hive-mind 2026-06-04T01:53:37.503Z] Receipted msg msg_1780538015973_ganpb9 from eric
[hive-mind 2026-06-04T01:53:37.503Z] Processed 1 new message(s)
[hive-mind 2026-06-04T01:53:42.505Z] Processed 1 new message(s)
[hive-mind 2026-06-04T01:53:52.514Z] Receipted msg msg_1780538030382_ntogp3 from eric
[hive-mind 2026-06-04T01:53:52.514Z] Processed 1 new message(s)
[hive-mind 2026-06-04T01:53:57.519Z] Receipted msg msg_1780538032751_dxjdqw from molly
[hive-mind 2026-06-04T01:53:57.521Z] Receipted msg msg_1780538032852_4zp2cq from molly
[hive-mind 2026-06-04T01:53:57.521Z] Processed 3 new message(s)
[hive-mind 2026-06-04T01:54:02.525Z] Processed 2 new message(s)
[hive-mind 2026-06-04T01:54:07.530Z] Receipted msg msg_1780538044282_vvpu6k from eric
[hive-mind 2026-06-04T01:54:07.530Z] Processed 1 new message(s)
[hive-mind 2026-06-04T01:54:12.533Z] Processed 1 new message(s)
[hive-mind 2026-06-04T01:54:22.542Z] Receipted msg msg_1780538059043_zikcdv from eric
[hive-mind 2026-06-04T01:54:22.543Z] Processed 1 new message(s)
[hive-mind 2026-06-04T01:54:27.544Z] Processed 1 new message(s)
[hive-mind 2026-06-04T01:55:17.575Z] Receipted msg msg_1780538115838_cryssy from lazarus
[hive-mind 2026-06-04T01:55:17.575Z] Processed 1 new message(s)
[hive-mind 2026-06-04T01:55:22.580Z] Receipted msg msg_1780538118184_3swxk8 from eric
[hive-mind 2026-06-04T01:55:22.583Z] Receipted msg msg_1780538120384_eulqi4 from molly
[hive-mind 2026-06-04T01:55:22.583Z] Processed 3 new message(s)
[hive-mind 2026-06-04T01:55:27.586Z] Processed 2 new message(s)
[hive-mind 2026-06-04T01:55:37.594Z] Receipted msg msg_1780538136168_c98lsf from eric
[hive-mind 2026-06-04T01:55:37.594Z] Processed 1 new message(s)
[hive-mind 2026-06-04T01:55:42.596Z] Processed 1 new message(s)
[hive-mind 2026-06-04T01:55:52.605Z] Receipted msg msg_1780538150398_ux8uxo from eric
[hive-mind 2026-06-04T01:55:52.607Z] Receipted msg msg_1780538151508_7neyb6 from molly
[hive-mind 2026-06-04T01:55:52.610Z] Receipted msg msg_1780538151689_g6tfho from molly
[hive-mind 2026-06-04T01:55:52.610Z] Processed 3 new message(s)
[hive-mind 2026-06-04T01:55:57.613Z] Processed 3 new message(s)
[hive-mind 2026-06-04T01:56:02.618Z] Receipted msg msg_1780538160918_6fq5ha from eric
[hive-mind 2026-06-04T01:56:02.618Z] Processed 1 new message(s)
[hive-mind 2026-06-04T01:56:07.621Z] Processed 1 new message(s)
[hive-mind 2026-06-04T01:56:22.632Z] Receipted msg msg_1780538178503_o319tm from eric
[hive-mind 2026-06-04T01:56:22.632Z] Processed 1 new message(s)
[hive-mind 2026-06-04T01:56:27.636Z] Processed 1 new message(s)
[hive-mind 2026-06-04T01:56:32.642Z] Receipted msg msg_1780538190358_91bue2 from eric
[hive-mind 2026-06-04T01:56:32.642Z] Processed 1 new message(s)
[hive-mind 2026-06-04T01:56:37.644Z] Processed 1 new message(s)
[hive-mind 2026-06-04T01:56:57.659Z] Receipted msg msg_1780538215384_urqmix from eric
[hive-mind 2026-06-04T01:56:57.659Z] Processed 1 new message(s)
[hive-mind 2026-06-04T01:57:02.661Z] Processed 1 new message(s)
[hive-mind 2026-06-04T01:57:07.667Z] Receipted msg msg_1780538224125_8eoahb from eric
[hive-mind 2026-06-04T01:57:07.667Z] Processed 1 new message(s)
[hive-mind 2026-06-04T01:57:12.669Z] Processed 1 new message(s)
[hive-mind 2026-06-04T01:57:22.677Z] Receipted msg msg_1780538239988_zej3qv from molly
[hive-mind 2026-06-04T01:57:22.679Z] Receipted msg msg_1780538240966_pybycs from molly
[hive-mind 2026-06-04T01:57:22.682Z] Receipted msg msg_1780538242400_v83yss from molly
[hive-mind 2026-06-04T01:57:22.682Z] Processed 3 new message(s)
[hive-mind 2026-06-04T01:57:27.689Z] Receipted msg msg_1780538243509_rilu3z from molly
[hive-mind 2026-06-04T01:57:27.689Z] Processed 4 new message(s)
[hive-mind 2026-06-04T01:57:32.692Z] Processed 1 new message(s)
[hive-mind 2026-06-04T01:58:22.723Z] Status report posted
[hive-mind 2026-06-04T01:58:27.726Z] Processed 1 new message(s)
[hive-mind 2026-06-04T01:58:32.731Z] Receipted msg msg_1780538307889_irqx4k from eric
[hive-mind 2026-06-04T01:58:32.731Z] Processed 1 new message(s)
