nohup: ignoring input
============================================================
IMMORTAL DAEMON - The One Bridge
============================================================
07:30:59 [LOCK] Acquired (PID 63256)
07:30:59 [START] Immortal Daemon starting
07:30:59 [CONFIG] Heartbeat: 1000ms | Git: 10000ms | HTTP: 5000ms
07:30:59 [CONFIG] Ghost: 30000ms | Bridge: 15000ms | Status: 60000ms
07:30:59 [GHOST] Killed extension host 21045 (kept 57798)
07:30:59 [RUNNING] All systems active - SIGHUP immune
07:31:09 [DASHBOARD] Heartbeat API not running - starting
07:31:09 [DASHBOARD] Heartbeat API started (PID 63452)
07:31:59 [STATUS] uptime=60s beats=60 mem=9164MB extHosts=1 bridge=UP dev=UP
07:32:59 [STATUS] uptime=120s beats=120 mem=9065MB extHosts=1 bridge=UP dev=UP
07:33:33 [SIGNAL] SIGTERM ignored
07:33:59 [STATUS] uptime=180s beats=180 mem=9056MB extHosts=1 bridge=UP dev=UP
07:34:59 [STATUS] uptime=240s beats=240 mem=9053MB extHosts=1 bridge=UP dev=UP
07:35:59 [STATUS] uptime=300s beats=300 mem=8980MB extHosts=1 bridge=UP dev=UP
07:36:59 [STATUS] uptime=360s beats=360 mem=9066MB extHosts=1 bridge=UP dev=UP
07:37:59 [STATUS] uptime=420s beats=420 mem=8776MB extHosts=1 bridge=UP dev=UP
07:38:59 [STATUS] uptime=480s beats=480 mem=8947MB extHosts=1 bridge=UP dev=UP
07:39:59 [STATUS] uptime=540s beats=540 mem=9046MB extHosts=1 bridge=UP dev=UP
07:40:59 [STATUS] uptime=600s beats=600 mem=8985MB extHosts=1 bridge=UP dev=UP
07:41:59 [STATUS] uptime=660s beats=660 mem=8825MB extHosts=1 bridge=UP dev=UP
07:42:59 [STATUS] uptime=720s beats=720 mem=8955MB extHosts=1 bridge=UP dev=UP
07:43:59 [STATUS] uptime=780s beats=780 mem=8741MB extHosts=1 bridge=UP dev=UP
07:44:59 [STATUS] uptime=840s beats=840 mem=8743MB extHosts=1 bridge=UP dev=UP
07:45:59 [STATUS] uptime=900s beats=900 mem=8710MB extHosts=1 bridge=UP dev=UP
07:46:59 [STATUS] uptime=960s beats=960 mem=8600MB extHosts=1 bridge=UP dev=UP
07:47:59 [STATUS] uptime=1020s beats=1020 mem=7767MB extHosts=1 bridge=UP dev=UP
07:48:27 [SIGNAL] SIGTERM ignored
07:48:29 [BRIDGE] Port 9099 not listening - restarting bridge
07:48:29 [BRIDGE] Started (PID 82523)
07:48:59 [STATUS] uptime=1080s beats=1080 mem=8063MB extHosts=1 bridge=UP dev=UP
07:49:59 [STATUS] uptime=1140s beats=1140 mem=8596MB extHosts=1 bridge=UP dev=UP
07:50:59 [STATUS] uptime=1200s beats=1199 mem=7588MB extHosts=1 bridge=UP dev=UP
07:51:07 [SIGNAL] SIGTERM ignored
07:51:59 [STATUS] uptime=1260s beats=1259 mem=7793MB extHosts=1 bridge=UP dev=UP
07:52:59 [STATUS] uptime=1320s beats=1319 mem=7670MB extHosts=1 bridge=UP dev=UP
07:53:34 [SIGNAL] SIGTERM ignored
07:53:59 [STATUS] uptime=1380s beats=1379 mem=9652MB extHosts=0 bridge=UP dev=UP
07:54:59 [STATUS] uptime=1440s beats=1439 mem=8988MB extHosts=1 bridge=UP dev=UP
07:55:59 [STATUS] uptime=1500s beats=1499 mem=8506MB extHosts=1 bridge=UP dev=UP
07:56:59 [STATUS] uptime=1560s beats=1559 mem=7983MB extHosts=1 bridge=UP dev=UP
07:57:59 [STATUS] uptime=1620s beats=1619 mem=7809MB extHosts=1 bridge=UP dev=UP
07:58:59 [STATUS] uptime=1680s beats=1679 mem=7582MB extHosts=1 bridge=UP dev=UP
07:59:59 [STATUS] uptime=1740s beats=1739 mem=7458MB extHosts=1 bridge=UP dev=UP
08:00:59 [STATUS] uptime=1800s beats=1799 mem=7512MB extHosts=1 bridge=UP dev=UP
08:01:59 [STATUS] uptime=1860s beats=1859 mem=7437MB extHosts=1 bridge=UP dev=UP
08:02:59 [STATUS] uptime=1920s beats=1919 mem=7423MB extHosts=1 bridge=UP dev=UP
08:03:14 [SIGNAL] SIGTERM ignored
08:03:14 [BRIDGE] Port 9099 not listening - restarting bridge
08:03:14 [BRIDGE] Started (PID 98572)
08:03:59 [STATUS] uptime=1980s beats=1979 mem=8385MB extHosts=1 bridge=UP dev=UP
08:04:59 [STATUS] uptime=2040s beats=2039 mem=8935MB extHosts=1 bridge=UP dev=UP
08:05:59 [STATUS] uptime=2100s beats=2099 mem=9100MB extHosts=1 bridge=UP dev=UP
08:06:59 [STATUS] uptime=2160s beats=2158 mem=9004MB extHosts=1 bridge=UP dev=UP
08:07:59 [STATUS] uptime=2220s beats=2218 mem=8877MB extHosts=1 bridge=UP dev=UP
08:08:59 [STATUS] uptime=2280s beats=2278 mem=8704MB extHosts=1 bridge=UP dev=UP
08:09:59 [STATUS] uptime=2340s beats=2338 mem=8730MB extHosts=1 bridge=UP dev=UP
08:10:59 [STATUS] uptime=2400s beats=2398 mem=8625MB extHosts=1 bridge=UP dev=UP
08:11:59 [STATUS] uptime=2460s beats=2458 mem=8848MB extHosts=1 bridge=UP dev=UP
08:12:59 [STATUS] uptime=2520s beats=2518 mem=8670MB extHosts=1 bridge=UP dev=UP
08:13:59 [STATUS] uptime=2580s beats=2578 mem=8495MB extHosts=1 bridge=UP dev=UP
08:14:59 [STATUS] uptime=2640s beats=2638 mem=8479MB extHosts=1 bridge=UP dev=UP
08:15:59 [STATUS] uptime=2700s beats=2698 mem=8516MB extHosts=1 bridge=UP dev=UP
08:16:59 [STATUS] uptime=2760s beats=2758 mem=8410MB extHosts=1 bridge=UP dev=UP
08:17:59 [STATUS] uptime=2820s beats=2818 mem=8682MB extHosts=1 bridge=UP dev=UP
08:18:59 [STATUS] uptime=2880s beats=2878 mem=8697MB extHosts=1 bridge=UP dev=UP
08:19:59 [STATUS] uptime=2940s beats=2938 mem=8642MB extHosts=1 bridge=UP dev=UP
08:20:59 [STATUS] uptime=3000s beats=2998 mem=8602MB extHosts=1 bridge=UP dev=UP
08:21:59 [STATUS] uptime=3060s beats=3058 mem=8561MB extHosts=1 bridge=UP dev=UP
08:22:59 [STATUS] uptime=3120s beats=3118 mem=8557MB extHosts=1 bridge=UP dev=UP
08:23:59 [STATUS] uptime=3180s beats=3177 mem=8546MB extHosts=1 bridge=UP dev=UP
08:24:59 [STATUS] uptime=3240s beats=3237 mem=8416MB extHosts=1 bridge=UP dev=UP
08:25:59 [STATUS] uptime=3300s beats=3297 mem=8324MB extHosts=1 bridge=UP dev=UP
08:26:59 [STATUS] uptime=3360s beats=3357 mem=8449MB extHosts=1 bridge=UP dev=UP
08:27:59 [STATUS] uptime=3420s beats=3417 mem=8435MB extHosts=1 bridge=UP dev=UP
08:28:59 [STATUS] uptime=3480s beats=3477 mem=8337MB extHosts=1 bridge=UP dev=UP
08:29:59 [STATUS] uptime=3540s beats=3537 mem=8251MB extHosts=1 bridge=UP dev=UP
08:30:59 [STATUS] uptime=3600s beats=3597 mem=8402MB extHosts=1 bridge=UP dev=UP
08:31:59 [STATUS] uptime=3660s beats=3657 mem=8398MB extHosts=1 bridge=UP dev=UP
08:32:59 [STATUS] uptime=3720s beats=3717 mem=8315MB extHosts=1 bridge=UP dev=UP
08:33:59 [STATUS] uptime=3780s beats=3777 mem=8397MB extHosts=1 bridge=UP dev=UP
08:34:59 [STATUS] uptime=3840s beats=3837 mem=8377MB extHosts=1 bridge=UP dev=UP
08:35:59 [STATUS] uptime=3900s beats=3897 mem=8274MB extHosts=1 bridge=UP dev=UP
08:36:59 [STATUS] uptime=3960s beats=3957 mem=8272MB extHosts=1 bridge=UP dev=UP
08:37:59 [STATUS] uptime=4020s beats=4017 mem=8175MB extHosts=1 bridge=UP dev=UP
08:38:59 [STATUS] uptime=4080s beats=4076 mem=8184MB extHosts=1 bridge=UP dev=UP
08:39:59 [STATUS] uptime=4140s beats=4136 mem=8251MB extHosts=1 bridge=UP dev=UP
08:40:59 [STATUS] uptime=4200s beats=4196 mem=8439MB extHosts=1 bridge=UP dev=UP
08:41:59 [STATUS] uptime=4260s beats=4256 mem=8148MB extHosts=1 bridge=UP dev=UP
08:42:59 [STATUS] uptime=4320s beats=4316 mem=8130MB extHosts=1 bridge=UP dev=UP
08:43:59 [STATUS] uptime=4380s beats=4376 mem=8159MB extHosts=1 bridge=UP dev=UP
08:44:59 [STATUS] uptime=4440s beats=4436 mem=8079MB extHosts=1 bridge=UP dev=UP
08:45:59 [STATUS] uptime=4500s beats=4496 mem=8204MB extHosts=1 bridge=UP dev=UP
08:46:59 [STATUS] uptime=4560s beats=4556 mem=8206MB extHosts=1 bridge=UP dev=UP
08:47:59 [STATUS] uptime=4620s beats=4616 mem=8055MB extHosts=1 bridge=UP dev=UP
08:48:59 [STATUS] uptime=4680s beats=4676 mem=8177MB extHosts=1 bridge=UP dev=UP
08:49:59 [STATUS] uptime=4740s beats=4736 mem=8168MB extHosts=1 bridge=UP dev=UP
08:50:59 [STATUS] uptime=4800s beats=4796 mem=8160MB extHosts=1 bridge=UP dev=UP
08:51:59 [STATUS] uptime=4860s beats=4856 mem=8160MB extHosts=1 bridge=UP dev=UP
08:52:59 [STATUS] uptime=4920s beats=4916 mem=8165MB extHosts=1 bridge=UP dev=UP
08:53:59 [STATUS] uptime=4980s beats=4976 mem=8280MB extHosts=1 bridge=UP dev=UP
08:54:59 [STATUS] uptime=5040s beats=5035 mem=8163MB extHosts=1 bridge=UP dev=UP
08:55:59 [STATUS] uptime=5100s beats=5095 mem=8144MB extHosts=1 bridge=UP dev=UP
08:56:59 [STATUS] uptime=5160s beats=5155 mem=8219MB extHosts=1 bridge=UP dev=UP
08:57:59 [STATUS] uptime=5220s beats=5215 mem=8158MB extHosts=1 bridge=UP dev=UP
08:58:59 [STATUS] uptime=5280s beats=5275 mem=8347MB extHosts=1 bridge=UP dev=UP
08:59:59 [STATUS] uptime=5340s beats=5335 mem=8223MB extHosts=1 bridge=UP dev=UP
09:00:59 [STATUS] uptime=5400s beats=5395 mem=8321MB extHosts=1 bridge=UP dev=UP
09:01:59 [STATUS] uptime=5460s beats=5455 mem=8222MB extHosts=1 bridge=UP dev=UP
09:02:59 [STATUS] uptime=5520s beats=5515 mem=8080MB extHosts=1 bridge=UP dev=UP
09:03:59 [STATUS] uptime=5580s beats=5575 mem=8059MB extHosts=1 bridge=UP dev=UP
09:04:59 [STATUS] uptime=5640s beats=5635 mem=8162MB extHosts=1 bridge=UP dev=UP
09:05:59 [STATUS] uptime=5700s beats=5695 mem=8096MB extHosts=1 bridge=UP dev=UP
09:06:59 [STATUS] uptime=5760s beats=5755 mem=8104MB extHosts=1 bridge=UP dev=UP
09:07:59 [STATUS] uptime=5820s beats=5815 mem=8097MB extHosts=1 bridge=UP dev=UP
09:08:59 [STATUS] uptime=5880s beats=5875 mem=8310MB extHosts=1 bridge=UP dev=UP
09:09:59 [STATUS] uptime=5940s beats=5935 mem=8301MB extHosts=1 bridge=UP dev=UP
09:10:59 [STATUS] uptime=6000s beats=5995 mem=8068MB extHosts=1 bridge=UP dev=UP
09:11:59 [STATUS] uptime=6060s beats=6055 mem=8108MB extHosts=1 bridge=UP dev=UP
09:12:59 [STATUS] uptime=6120s beats=6115 mem=8047MB extHosts=1 bridge=UP dev=UP
09:13:59 [STATUS] uptime=6180s beats=6175 mem=8026MB extHosts=1 bridge=UP dev=UP
09:14:59 [STATUS] uptime=6240s beats=6235 mem=8157MB extHosts=1 bridge=UP dev=UP
09:15:59 [STATUS] uptime=6300s beats=6295 mem=8056MB extHosts=1 bridge=UP dev=UP
09:16:59 [STATUS] uptime=6360s beats=6355 mem=7980MB extHosts=1 bridge=UP dev=UP
09:17:59 [STATUS] uptime=6420s beats=6415 mem=8193MB extHosts=1 bridge=UP dev=UP
09:18:59 [STATUS] uptime=6480s beats=6475 mem=8096MB extHosts=1 bridge=UP dev=UP
09:19:59 [STATUS] uptime=6540s beats=6535 mem=8007MB extHosts=1 bridge=UP dev=UP
09:20:59 [STATUS] uptime=6600s beats=6594 mem=7985MB extHosts=1 bridge=UP dev=UP
09:21:59 [STATUS] uptime=6660s beats=6654 mem=7986MB extHosts=1 bridge=UP dev=UP
09:22:59 [STATUS] uptime=6720s beats=6714 mem=7970MB extHosts=1 bridge=UP dev=UP
09:23:59 [STATUS] uptime=6780s beats=6774 mem=7655MB extHosts=1 bridge=UP dev=UP
09:24:59 [STATUS] uptime=6840s beats=6834 mem=7924MB extHosts=1 bridge=UP dev=UP
09:25:59 [STATUS] uptime=6900s beats=6894 mem=7818MB extHosts=1 bridge=UP dev=UP
09:26:59 [STATUS] uptime=6960s beats=6954 mem=8678MB extHosts=1 bridge=UP dev=UP
09:27:59 [STATUS] uptime=7020s beats=7014 mem=8603MB extHosts=1 bridge=UP dev=UP
09:28:59 [STATUS] uptime=7080s beats=7074 mem=7794MB extHosts=1 bridge=UP dev=UP
09:29:59 [STATUS] uptime=7140s beats=7134 mem=7820MB extHosts=1 bridge=UP dev=UP
09:30:59 [STATUS] uptime=7200s beats=7194 mem=7946MB extHosts=1 bridge=UP dev=UP
09:31:59 [STATUS] uptime=7260s beats=7254 mem=7822MB extHosts=1 bridge=UP dev=UP
09:32:59 [STATUS] uptime=7320s beats=7314 mem=7764MB extHosts=1 bridge=UP dev=UP
09:33:59 [STATUS] uptime=7380s beats=7374 mem=7784MB extHosts=1 bridge=UP dev=UP
09:34:59 [STATUS] uptime=7440s beats=7434 mem=7790MB extHosts=1 bridge=UP dev=UP
09:35:59 [STATUS] uptime=7500s beats=7494 mem=7779MB extHosts=1 bridge=UP dev=UP
09:36:59 [STATUS] uptime=7560s beats=7554 mem=7779MB extHosts=1 bridge=UP dev=UP
09:37:59 [STATUS] uptime=7620s beats=7614 mem=7788MB extHosts=1 bridge=UP dev=UP
09:38:59 [STATUS] uptime=7680s beats=7674 mem=7767MB extHosts=1 bridge=UP dev=UP
09:39:49 [SIGNAL] SIGTERM ignored
09:39:59 [STATUS] uptime=7740s beats=7734 mem=9873MB extHosts=1 bridge=UP dev=UP
09:40:59 [STATUS] uptime=7800s beats=7794 mem=8541MB extHosts=1 bridge=UP dev=UP
09:41:59 [STATUS] uptime=7860s beats=7854 mem=8209MB extHosts=1 bridge=UP dev=UP
09:42:59 [STATUS] uptime=7920s beats=7914 mem=8253MB extHosts=1 bridge=UP dev=UP
09:43:59 [STATUS] uptime=7980s beats=7974 mem=8215MB extHosts=1 bridge=UP dev=UP
09:44:59 [STATUS] uptime=8040s beats=8034 mem=8143MB extHosts=1 bridge=UP dev=UP
09:45:59 [STATUS] uptime=8100s beats=8094 mem=8273MB extHosts=1 bridge=UP dev=UP
09:46:59 [STATUS] uptime=8160s beats=8153 mem=8282MB extHosts=1 bridge=UP dev=UP
09:47:59 [STATUS] uptime=8220s beats=8213 mem=8268MB extHosts=1 bridge=UP dev=UP
09:48:59 [STATUS] uptime=8280s beats=8273 mem=8255MB extHosts=1 bridge=UP dev=UP
09:49:59 [STATUS] uptime=8340s beats=8333 mem=8281MB extHosts=1 bridge=UP dev=UP
09:50:59 [STATUS] uptime=8400s beats=8393 mem=8300MB extHosts=1 bridge=UP dev=UP
09:51:59 [STATUS] uptime=8460s beats=8453 mem=8303MB extHosts=1 bridge=UP dev=UP
09:52:59 [STATUS] uptime=8520s beats=8513 mem=8307MB extHosts=1 bridge=UP dev=UP
09:53:59 [STATUS] uptime=8580s beats=8573 mem=8296MB extHosts=1 bridge=UP dev=UP
09:54:59 [STATUS] uptime=8640s beats=8633 mem=8272MB extHosts=1 bridge=UP dev=UP
09:55:59 [STATUS] uptime=8700s beats=8693 mem=8284MB extHosts=1 bridge=UP dev=UP
09:56:59 [STATUS] uptime=8760s beats=8753 mem=8273MB extHosts=1 bridge=UP dev=UP
09:57:59 [STATUS] uptime=8820s beats=8813 mem=8280MB extHosts=1 bridge=UP dev=UP
09:58:59 [STATUS] uptime=8880s beats=8873 mem=8264MB extHosts=1 bridge=UP dev=UP
09:59:59 [STATUS] uptime=8940s beats=8933 mem=8303MB extHosts=1 bridge=UP dev=UP
10:00:59 [STATUS] uptime=9000s beats=8993 mem=8284MB extHosts=1 bridge=UP dev=UP
10:01:29 [GHOST] Killed extension host 90470 (kept 220473)
10:01:59 [STATUS] uptime=9060s beats=9053 mem=9515MB extHosts=1 bridge=UP dev=UP
10:02:59 [STATUS] uptime=9120s beats=9113 mem=9272MB extHosts=1 bridge=UP dev=UP
10:03:59 [STATUS] uptime=9180s beats=9173 mem=9364MB extHosts=1 bridge=UP dev=UP
10:04:59 [STATUS] uptime=9240s beats=9233 mem=8311MB extHosts=1 bridge=UP dev=UP
10:05:59 [STATUS] uptime=9300s beats=9293 mem=8217MB extHosts=1 bridge=UP dev=UP
10:06:59 [STATUS] uptime=9360s beats=9353 mem=8316MB extHosts=1 bridge=UP dev=UP
10:07:59 [STATUS] uptime=9420s beats=9413 mem=7775MB extHosts=1 bridge=UP dev=UP
10:08:59 [STATUS] uptime=9480s beats=9473 mem=7842MB extHosts=1 bridge=UP dev=UP
10:09:59 [STATUS] uptime=9540s beats=9533 mem=8123MB extHosts=1 bridge=UP dev=UP
10:10:59 [STATUS] uptime=9600s beats=9593 mem=8166MB extHosts=1 bridge=UP dev=UP
10:11:59 [STATUS] uptime=9660s beats=9652 mem=8060MB extHosts=1 bridge=UP dev=UP
10:12:59 [STATUS] uptime=9720s beats=9712 mem=7903MB extHosts=1 bridge=UP dev=UP
10:13:59 [STATUS] uptime=9780s beats=9772 mem=8122MB extHosts=1 bridge=UP dev=UP
10:14:05 [SIGNAL] SIGTERM ignored
10:14:06 [SIGNAL] SIGTERM ignored
10:14:59 [STATUS] uptime=9840s beats=9832 mem=8027MB extHosts=1 bridge=UP dev=UP
10:15:59 [STATUS] uptime=9900s beats=9892 mem=8388MB extHosts=1 bridge=UP dev=UP
10:16:59 [STATUS] uptime=9960s beats=9952 mem=8422MB extHosts=1 bridge=UP dev=UP
10:17:59 [STATUS] uptime=10020s beats=10012 mem=8430MB extHosts=1 bridge=UP dev=UP
10:18:29 [GHOST] Killed extension host 220473 (kept 235845)
10:18:59 [STATUS] uptime=10080s beats=10072 mem=10251MB extHosts=1 bridge=UP dev=UP
10:19:59 [STATUS] uptime=10140s beats=10132 mem=10069MB extHosts=2 bridge=UP dev=UP
10:19:59 [GHOST] Killed extension host 235845 (kept 237109)
10:20:59 [STATUS] uptime=10200s beats=10192 mem=9275MB extHosts=1 bridge=UP dev=UP
10:21:59 [STATUS] uptime=10260s beats=10252 mem=9200MB extHosts=1 bridge=UP dev=UP
10:22:59 [STATUS] uptime=10320s beats=10312 mem=7628MB extHosts=1 bridge=UP dev=UP
10:23:59 [STATUS] uptime=10380s beats=10372 mem=7752MB extHosts=1 bridge=UP dev=UP
10:24:59 [STATUS] uptime=10440s beats=10432 mem=7787MB extHosts=1 bridge=UP dev=UP
10:25:59 [STATUS] uptime=10500s beats=10492 mem=7902MB extHosts=1 bridge=UP dev=UP
10:26:59 [STATUS] uptime=10560s beats=10552 mem=7792MB extHosts=1 bridge=UP dev=UP
10:27:59 [STATUS] uptime=10620s beats=10612 mem=7709MB extHosts=1 bridge=UP dev=UP
10:28:59 [STATUS] uptime=10680s beats=10672 mem=7680MB extHosts=1 bridge=UP dev=UP
10:29:59 [STATUS] uptime=10740s beats=10732 mem=7651MB extHosts=1 bridge=UP dev=UP
10:30:59 [STATUS] uptime=10800s beats=10792 mem=7702MB extHosts=1 bridge=UP dev=UP
10:31:59 [STATUS] uptime=10860s beats=10852 mem=7755MB extHosts=1 bridge=UP dev=UP
10:32:59 [STATUS] uptime=10920s beats=10911 mem=7689MB extHosts=1 bridge=UP dev=UP
10:33:59 [STATUS] uptime=10980s beats=10971 mem=7656MB extHosts=1 bridge=UP dev=UP
10:34:59 [STATUS] uptime=11040s beats=11031 mem=7611MB extHosts=1 bridge=UP dev=UP
10:35:59 [STATUS] uptime=11100s beats=11091 mem=7666MB extHosts=1 bridge=UP dev=UP
10:36:59 [STATUS] uptime=11160s beats=11151 mem=7631MB extHosts=1 bridge=UP dev=UP
10:37:59 [STATUS] uptime=11220s beats=11211 mem=7627MB extHosts=1 bridge=UP dev=UP
10:38:59 [STATUS] uptime=11280s beats=11271 mem=7735MB extHosts=1 bridge=UP dev=UP
10:39:59 [STATUS] uptime=11340s beats=11331 mem=7732MB extHosts=1 bridge=UP dev=UP
10:40:59 [STATUS] uptime=11400s beats=11391 mem=7698MB extHosts=1 bridge=UP dev=UP
10:41:59 [STATUS] uptime=11460s beats=11451 mem=7548MB extHosts=1 bridge=UP dev=UP
10:42:59 [STATUS] uptime=11520s beats=11511 mem=7564MB extHosts=1 bridge=UP dev=UP
10:43:59 [STATUS] uptime=11580s beats=11571 mem=7644MB extHosts=1 bridge=UP dev=UP
10:44:59 [STATUS] uptime=11640s beats=11631 mem=7704MB extHosts=1 bridge=UP dev=UP
10:45:59 [STATUS] uptime=11700s beats=11691 mem=7562MB extHosts=1 bridge=UP dev=UP
10:46:59 [STATUS] uptime=11760s beats=11751 mem=7527MB extHosts=1 bridge=UP dev=UP
10:47:59 [STATUS] uptime=11820s beats=11811 mem=7530MB extHosts=1 bridge=UP dev=UP
10:48:59 [STATUS] uptime=11880s beats=11871 mem=7492MB extHosts=1 bridge=UP dev=UP
10:49:59 [STATUS] uptime=11940s beats=11931 mem=7438MB extHosts=1 bridge=UP dev=UP
10:50:59 [STATUS] uptime=12000s beats=11991 mem=7448MB extHosts=1 bridge=UP dev=UP
10:51:59 [STATUS] uptime=12060s beats=12051 mem=7428MB extHosts=1 bridge=UP dev=UP
10:52:59 [STATUS] uptime=12120s beats=12111 mem=7425MB extHosts=1 bridge=UP dev=UP
10:53:59 [STATUS] uptime=12180s beats=12170 mem=7426MB extHosts=1 bridge=UP dev=UP
10:54:59 [STATUS] uptime=12240s beats=12230 mem=7573MB extHosts=1 bridge=UP dev=UP
10:55:59 [STATUS] uptime=12300s beats=12290 mem=7437MB extHosts=1 bridge=UP dev=UP
10:56:59 [STATUS] uptime=12360s beats=12350 mem=7445MB extHosts=1 bridge=UP dev=UP
10:57:59 [STATUS] uptime=12420s beats=12410 mem=7536MB extHosts=1 bridge=UP dev=UP
10:58:59 [STATUS] uptime=12480s beats=12470 mem=7520MB extHosts=1 bridge=UP dev=UP
10:59:59 [STATUS] uptime=12540s beats=12530 mem=7426MB extHosts=1 bridge=UP dev=UP
11:00:59 [STATUS] uptime=12600s beats=12590 mem=7577MB extHosts=1 bridge=UP dev=UP
11:01:59 [STATUS] uptime=12660s beats=12650 mem=7587MB extHosts=1 bridge=UP dev=UP
11:02:59 [STATUS] uptime=12720s beats=12710 mem=7425MB extHosts=1 bridge=UP dev=UP
11:03:59 [STATUS] uptime=12780s beats=12770 mem=7515MB extHosts=1 bridge=UP dev=UP
11:04:59 [STATUS] uptime=12840s beats=12830 mem=7693MB extHosts=1 bridge=UP dev=UP
11:05:59 [STATUS] uptime=12900s beats=12890 mem=7550MB extHosts=1 bridge=UP dev=UP
11:06:59 [STATUS] uptime=12960s beats=12950 mem=7368MB extHosts=1 bridge=UP dev=UP
11:07:59 [STATUS] uptime=13020s beats=13010 mem=7411MB extHosts=1 bridge=UP dev=UP
11:08:59 [STATUS] uptime=13080s beats=13070 mem=7485MB extHosts=1 bridge=UP dev=UP
11:09:59 [STATUS] uptime=13140s beats=13130 mem=7381MB extHosts=1 bridge=UP dev=UP
11:10:59 [STATUS] uptime=13200s beats=13190 mem=7519MB extHosts=1 bridge=UP dev=UP
11:11:59 [STATUS] uptime=13260s beats=13250 mem=7594MB extHosts=1 bridge=UP dev=UP
11:12:59 [STATUS] uptime=13320s beats=13309 mem=7449MB extHosts=1 bridge=UP dev=UP
11:13:59 [STATUS] uptime=13380s beats=13369 mem=8344MB extHosts=1 bridge=UP dev=UP
11:14:59 [STATUS] uptime=13440s beats=13429 mem=7374MB extHosts=1 bridge=UP dev=UP
11:15:59 [STATUS] uptime=13500s beats=13489 mem=7483MB extHosts=1 bridge=UP dev=UP
11:16:59 [STATUS] uptime=13560s beats=13549 mem=7489MB extHosts=1 bridge=UP dev=UP
11:17:59 [STATUS] uptime=13620s beats=13609 mem=7320MB extHosts=1 bridge=UP dev=UP
11:18:59 [STATUS] uptime=13680s beats=13669 mem=7410MB extHosts=1 bridge=UP dev=UP
11:19:59 [STATUS] uptime=13740s beats=13729 mem=7324MB extHosts=1 bridge=UP dev=UP
11:20:59 [STATUS] uptime=13800s beats=13789 mem=7189MB extHosts=1 bridge=UP dev=UP
11:21:59 [STATUS] uptime=13860s beats=13849 mem=7382MB extHosts=1 bridge=UP dev=UP
11:22:59 [STATUS] uptime=13920s beats=13909 mem=7246MB extHosts=1 bridge=UP dev=UP
11:23:59 [STATUS] uptime=13980s beats=13969 mem=7397MB extHosts=1 bridge=UP dev=UP
11:24:59 [STATUS] uptime=14040s beats=14029 mem=7274MB extHosts=1 bridge=UP dev=UP
11:25:59 [STATUS] uptime=14100s beats=14089 mem=7365MB extHosts=1 bridge=UP dev=UP
11:26:59 [STATUS] uptime=14160s beats=14149 mem=7225MB extHosts=1 bridge=UP dev=UP
11:27:59 [STATUS] uptime=14220s beats=14209 mem=7078MB extHosts=1 bridge=UP dev=UP
11:28:59 [STATUS] uptime=14280s beats=14269 mem=7112MB extHosts=1 bridge=UP dev=UP
11:29:59 [STATUS] uptime=14340s beats=14329 mem=7079MB extHosts=1 bridge=UP dev=UP
11:30:59 [STATUS] uptime=14400s beats=14389 mem=7131MB extHosts=1 bridge=UP dev=UP
11:31:59 [STATUS] uptime=14460s beats=14449 mem=7130MB extHosts=1 bridge=UP dev=UP
11:32:59 [STATUS] uptime=14520s beats=14509 mem=7121MB extHosts=1 bridge=UP dev=UP
11:33:59 [STATUS] uptime=14580s beats=14568 mem=7038MB extHosts=1 bridge=UP dev=UP
11:34:59 [STATUS] uptime=14640s beats=14628 mem=7172MB extHosts=1 bridge=UP dev=UP
11:35:59 [STATUS] uptime=14700s beats=14688 mem=7146MB extHosts=1 bridge=UP dev=UP
11:36:59 [STATUS] uptime=14760s beats=14748 mem=7220MB extHosts=1 bridge=UP dev=UP
11:37:59 [STATUS] uptime=14820s beats=14808 mem=7216MB extHosts=1 bridge=UP dev=UP
11:38:59 [STATUS] uptime=14880s beats=14868 mem=7215MB extHosts=1 bridge=UP dev=UP
11:39:59 [STATUS] uptime=14940s beats=14928 mem=7223MB extHosts=1 bridge=UP dev=UP
11:40:59 [STATUS] uptime=15000s beats=14988 mem=7219MB extHosts=1 bridge=UP dev=UP
11:41:59 [STATUS] uptime=15060s beats=15048 mem=9460MB extHosts=0 bridge=UP dev=UP
11:42:59 [STATUS] uptime=15120s beats=15108 mem=9487MB extHosts=0 bridge=UP dev=UP
11:43:59 [STATUS] uptime=15180s beats=15168 mem=9295MB extHosts=1 bridge=UP dev=UP
11:44:59 [STATUS] uptime=15240s beats=15228 mem=9331MB extHosts=1 bridge=UP dev=UP
11:45:59 [STATUS] uptime=15300s beats=15288 mem=9301MB extHosts=1 bridge=UP dev=UP
11:46:59 [STATUS] uptime=15360s beats=15348 mem=9058MB extHosts=2 bridge=UP dev=UP
11:46:59 [GHOST] Killed extension host 323895 (kept 332639)
11:47:59 [STATUS] uptime=15420s beats=15408 mem=9130MB extHosts=1 bridge=UP dev=UP
11:48:59 [STATUS] uptime=15480s beats=15468 mem=9089MB extHosts=1 bridge=UP dev=UP
11:49:59 [STATUS] uptime=15540s beats=15528 mem=8985MB extHosts=1 bridge=UP dev=UP
11:50:59 [STATUS] uptime=15600s beats=15588 mem=8832MB extHosts=2 bridge=UP dev=UP
11:50:59 [GHOST] Killed extension host 332639 (kept 343239)
11:51:59 [STATUS] uptime=15660s beats=15648 mem=8935MB extHosts=1 bridge=UP dev=UP
11:52:59 [STATUS] uptime=15720s beats=15708 mem=8950MB extHosts=1 bridge=UP dev=UP
11:53:59 [STATUS] uptime=15780s beats=15767 mem=8926MB extHosts=1 bridge=UP dev=UP
11:54:47 [SIGNAL] SIGTERM ignored
11:54:59 [STATUS] uptime=15840s beats=15827 mem=10673MB extHosts=1 bridge=UP dev=UP
11:55:59 [STATUS] uptime=15900s beats=15887 mem=9779MB extHosts=1 bridge=UP dev=UP
11:56:59 [STATUS] uptime=15960s beats=15947 mem=9793MB extHosts=1 bridge=UP dev=UP
11:57:59 [STATUS] uptime=16020s beats=16007 mem=9854MB extHosts=1 bridge=UP dev=UP
11:58:59 [STATUS] uptime=16080s beats=16067 mem=9861MB extHosts=1 bridge=UP dev=UP
11:59:59 [STATUS] uptime=16140s beats=16127 mem=9841MB extHosts=1 bridge=UP dev=UP
12:00:59 [STATUS] uptime=16200s beats=16187 mem=9828MB extHosts=1 bridge=UP dev=UP
12:01:38 [SIGNAL] SIGTERM ignored
12:01:38 [SIGNAL] SIGTERM ignored
12:01:46 [SIGNAL] SIGTERM ignored
12:01:59 [STATUS] uptime=16260s beats=16247 mem=9734MB extHosts=1 bridge=UP dev=UP
12:02:23 [SIGNAL] SIGTERM ignored
12:02:23 [SIGNAL] SIGTERM ignored
12:02:59 [STATUS] uptime=16320s beats=16307 mem=10034MB extHosts=1 bridge=UP dev=UP
12:03:59 [STATUS] uptime=16380s beats=16367 mem=10032MB extHosts=1 bridge=UP dev=UP
12:04:04 [SIGNAL] SIGTERM ignored
12:04:59 [STATUS] uptime=16440s beats=16427 mem=10057MB extHosts=1 bridge=UP dev=UP
12:05:59 [STATUS] uptime=16500s beats=16487 mem=10045MB extHosts=1 bridge=UP dev=UP
12:06:59 [STATUS] uptime=16560s beats=16547 mem=10114MB extHosts=1 bridge=UP dev=UP
12:07:59 [STATUS] uptime=16620s beats=16607 mem=10105MB extHosts=1 bridge=UP dev=UP
12:08:59 [STATUS] uptime=16680s beats=16667 mem=10138MB extHosts=1 bridge=UP dev=UP
12:09:59 [STATUS] uptime=16740s beats=16727 mem=10130MB extHosts=1 bridge=UP dev=UP
12:10:59 [STATUS] uptime=16800s beats=16787 mem=10103MB extHosts=1 bridge=UP dev=UP
12:11:59 [STATUS] uptime=16860s beats=16847 mem=10061MB extHosts=1 bridge=UP dev=UP
12:12:59 [STATUS] uptime=16920s beats=16906 mem=10122MB extHosts=1 bridge=UP dev=UP
12:13:59 [STATUS] uptime=16980s beats=16966 mem=10128MB extHosts=1 bridge=UP dev=UP
12:14:59 [STATUS] uptime=17040s beats=17026 mem=10302MB extHosts=1 bridge=UP dev=UP
12:15:45 [BRIDGE] Port 9099 not listening - restarting bridge
12:15:45 [BRIDGE] Started (PID 364572)
12:15:59 [STATUS] uptime=17100s beats=17086 mem=12764MB extHosts=1 bridge=UP dev=DOWN
12:16:59 [STATUS] uptime=17160s beats=17146 mem=9053MB extHosts=1 bridge=UP dev=UP
12:17:59 [STATUS] uptime=17220s beats=17206 mem=12745MB extHosts=1 bridge=UP dev=DOWN
12:18:59 [STATUS] uptime=17280s beats=17266 mem=12528MB extHosts=1 bridge=UP dev=DOWN
12:19:59 [STATUS] uptime=17340s beats=17326 mem=12535MB extHosts=1 bridge=UP dev=DOWN
12:20:59 [STATUS] uptime=17400s beats=17386 mem=12547MB extHosts=1 bridge=UP dev=DOWN
12:21:59 [STATUS] uptime=17460s beats=17446 mem=12545MB extHosts=1 bridge=UP dev=DOWN
12:22:59 [STATUS] uptime=17520s beats=17506 mem=12549MB extHosts=1 bridge=UP dev=DOWN
12:23:59 [STATUS] uptime=17580s beats=17566 mem=12552MB extHosts=1 bridge=UP dev=DOWN
12:24:59 [STATUS] uptime=17640s beats=17626 mem=12548MB extHosts=1 bridge=UP dev=DOWN
12:25:59 [STATUS] uptime=17700s beats=17686 mem=12553MB extHosts=1 bridge=UP dev=DOWN
12:26:59 [STATUS] uptime=17760s beats=17746 mem=12554MB extHosts=1 bridge=UP dev=DOWN
12:27:59 [STATUS] uptime=17820s beats=17806 mem=12542MB extHosts=1 bridge=UP dev=DOWN
12:28:59 [STATUS] uptime=17880s beats=17865 mem=12542MB extHosts=1 bridge=UP dev=DOWN
12:29:59 [STATUS] uptime=17940s beats=17925 mem=12552MB extHosts=1 bridge=UP dev=DOWN
12:30:59 [STATUS] uptime=18000s beats=17985 mem=12543MB extHosts=1 bridge=UP dev=DOWN
12:31:59 [STATUS] uptime=18060s beats=18045 mem=12549MB extHosts=1 bridge=UP dev=DOWN
12:32:59 [STATUS] uptime=18120s beats=18105 mem=12518MB extHosts=1 bridge=UP dev=DOWN
12:33:59 [STATUS] uptime=18180s beats=18165 mem=12544MB extHosts=1 bridge=UP dev=DOWN
12:34:59 [STATUS] uptime=18240s beats=18225 mem=12547MB extHosts=1 bridge=UP dev=DOWN
12:35:59 [STATUS] uptime=18300s beats=18285 mem=12539MB extHosts=1 bridge=UP dev=DOWN
12:36:59 [STATUS] uptime=18360s beats=18345 mem=12530MB extHosts=1 bridge=UP dev=DOWN
12:37:59 [STATUS] uptime=18420s beats=18405 mem=12529MB extHosts=1 bridge=UP dev=DOWN
12:38:59 [STATUS] uptime=18480s beats=18465 mem=12539MB extHosts=1 bridge=UP dev=DOWN
12:39:59 [STATUS] uptime=18540s beats=18525 mem=12534MB extHosts=1 bridge=UP dev=DOWN
12:40:59 [STATUS] uptime=18600s beats=18585 mem=12533MB extHosts=1 bridge=UP dev=DOWN
12:41:59 [STATUS] uptime=18660s beats=18645 mem=12527MB extHosts=1 bridge=UP dev=DOWN
12:42:59 [STATUS] uptime=18720s beats=18705 mem=12526MB extHosts=1 bridge=UP dev=DOWN
12:43:59 [STATUS] uptime=18780s beats=18765 mem=12531MB extHosts=1 bridge=UP dev=DOWN
12:44:59 [STATUS] uptime=18840s beats=18825 mem=12531MB extHosts=1 bridge=UP dev=DOWN
12:45:59 [STATUS] uptime=18900s beats=18884 mem=12525MB extHosts=1 bridge=UP dev=DOWN
12:46:59 [STATUS] uptime=18960s beats=18944 mem=12538MB extHosts=1 bridge=UP dev=DOWN
12:47:59 [STATUS] uptime=19020s beats=19004 mem=12531MB extHosts=1 bridge=UP dev=DOWN
12:48:59 [STATUS] uptime=19080s beats=19064 mem=12538MB extHosts=1 bridge=UP dev=DOWN
12:49:59 [STATUS] uptime=19140s beats=19124 mem=12532MB extHosts=1 bridge=UP dev=DOWN
12:50:59 [STATUS] uptime=19200s beats=19184 mem=12526MB extHosts=1 bridge=UP dev=DOWN
12:51:59 [STATUS] uptime=19260s beats=19244 mem=12532MB extHosts=1 bridge=UP dev=DOWN
12:52:59 [STATUS] uptime=19320s beats=19304 mem=12538MB extHosts=1 bridge=UP dev=DOWN
12:53:59 [STATUS] uptime=19380s beats=19364 mem=12545MB extHosts=1 bridge=UP dev=DOWN
12:54:59 [STATUS] uptime=19440s beats=19424 mem=12554MB extHosts=1 bridge=UP dev=DOWN
12:55:59 [STATUS] uptime=19500s beats=19484 mem=12540MB extHosts=1 bridge=UP dev=DOWN
12:56:59 [STATUS] uptime=19560s beats=19544 mem=12538MB extHosts=1 bridge=UP dev=DOWN
12:57:59 [STATUS] uptime=19620s beats=19604 mem=12549MB extHosts=1 bridge=UP dev=DOWN
12:58:59 [STATUS] uptime=19680s beats=19664 mem=12528MB extHosts=1 bridge=UP dev=DOWN
12:59:59 [STATUS] uptime=19740s beats=19724 mem=12545MB extHosts=1 bridge=UP dev=DOWN
13:00:59 [STATUS] uptime=19800s beats=19784 mem=12542MB extHosts=1 bridge=UP dev=DOWN
13:01:59 [STATUS] uptime=19860s beats=19844 mem=12540MB extHosts=1 bridge=UP dev=DOWN
13:02:59 [STATUS] uptime=19920s beats=19903 mem=12537MB extHosts=1 bridge=UP dev=DOWN
13:03:59 [STATUS] uptime=19980s beats=19963 mem=12549MB extHosts=1 bridge=UP dev=DOWN
13:04:59 [STATUS] uptime=20040s beats=20023 mem=12534MB extHosts=1 bridge=UP dev=DOWN
13:05:59 [STATUS] uptime=20100s beats=20083 mem=12541MB extHosts=1 bridge=UP dev=DOWN
13:06:59 [STATUS] uptime=20160s beats=20143 mem=12541MB extHosts=1 bridge=UP dev=DOWN
13:07:59 [STATUS] uptime=20220s beats=20203 mem=12530MB extHosts=1 bridge=UP dev=DOWN
13:08:59 [STATUS] uptime=20280s beats=20263 mem=12529MB extHosts=1 bridge=UP dev=DOWN
13:09:59 [STATUS] uptime=20340s beats=20323 mem=12552MB extHosts=1 bridge=UP dev=DOWN
13:10:59 [STATUS] uptime=20400s beats=20383 mem=12530MB extHosts=1 bridge=UP dev=DOWN
13:11:59 [STATUS] uptime=20460s beats=20443 mem=12534MB extHosts=1 bridge=UP dev=DOWN
13:12:59 [STATUS] uptime=20520s beats=20503 mem=12536MB extHosts=1 bridge=UP dev=DOWN
13:13:59 [STATUS] uptime=20580s beats=20563 mem=12548MB extHosts=1 bridge=UP dev=DOWN
13:14:59 [STATUS] uptime=20640s beats=20623 mem=12530MB extHosts=1 bridge=UP dev=DOWN
13:15:59 [STATUS] uptime=20700s beats=20683 mem=12538MB extHosts=1 bridge=UP dev=DOWN
13:16:59 [STATUS] uptime=20760s beats=20743 mem=12532MB extHosts=1 bridge=UP dev=DOWN
13:17:59 [STATUS] uptime=20820s beats=20803 mem=12538MB extHosts=1 bridge=UP dev=DOWN
13:18:59 [STATUS] uptime=20880s beats=20863 mem=12520MB extHosts=1 bridge=UP dev=DOWN
13:19:59 [STATUS] uptime=20940s beats=20923 mem=12531MB extHosts=1 bridge=UP dev=DOWN
13:20:59 [STATUS] uptime=21000s beats=20983 mem=12521MB extHosts=1 bridge=UP dev=DOWN
13:21:59 [STATUS] uptime=21060s beats=21042 mem=12531MB extHosts=1 bridge=UP dev=DOWN
13:22:59 [STATUS] uptime=21120s beats=21102 mem=12528MB extHosts=1 bridge=UP dev=DOWN
13:23:59 [STATUS] uptime=21180s beats=21162 mem=12537MB extHosts=1 bridge=UP dev=DOWN
13:24:59 [STATUS] uptime=21240s beats=21222 mem=12543MB extHosts=1 bridge=UP dev=DOWN
13:25:59 [STATUS] uptime=21300s beats=21282 mem=12536MB extHosts=1 bridge=UP dev=DOWN
13:26:59 [STATUS] uptime=21360s beats=21342 mem=12532MB extHosts=1 bridge=UP dev=DOWN
13:27:59 [STATUS] uptime=21420s beats=21402 mem=12547MB extHosts=1 bridge=UP dev=DOWN
13:28:59 [STATUS] uptime=21480s beats=21462 mem=12529MB extHosts=1 bridge=UP dev=DOWN
13:29:59 [STATUS] uptime=21540s beats=21522 mem=12519MB extHosts=1 bridge=UP dev=DOWN
13:30:59 [STATUS] uptime=21600s beats=21582 mem=12537MB extHosts=1 bridge=UP dev=DOWN
13:31:59 [STATUS] uptime=21660s beats=21642 mem=12525MB extHosts=1 bridge=UP dev=DOWN
13:32:59 [STATUS] uptime=21720s beats=21702 mem=12532MB extHosts=1 bridge=UP dev=DOWN
13:33:59 [STATUS] uptime=21780s beats=21762 mem=12535MB extHosts=1 bridge=UP dev=DOWN
13:34:59 [STATUS] uptime=21840s beats=21822 mem=12527MB extHosts=1 bridge=UP dev=DOWN
13:35:59 [STATUS] uptime=21900s beats=21882 mem=12524MB extHosts=1 bridge=UP dev=DOWN
13:36:59 [STATUS] uptime=21960s beats=21942 mem=12526MB extHosts=1 bridge=UP dev=DOWN
13:37:59 [STATUS] uptime=22020s beats=22002 mem=12536MB extHosts=1 bridge=UP dev=DOWN
13:38:59 [STATUS] uptime=22080s beats=22062 mem=12517MB extHosts=1 bridge=UP dev=DOWN
13:39:59 [STATUS] uptime=22140s beats=22121 mem=12523MB extHosts=1 bridge=UP dev=DOWN
13:40:59 [STATUS] uptime=22200s beats=22181 mem=12519MB extHosts=1 bridge=UP dev=DOWN
13:41:59 [STATUS] uptime=22260s beats=22241 mem=12529MB extHosts=1 bridge=UP dev=DOWN
13:42:59 [STATUS] uptime=22320s beats=22301 mem=12517MB extHosts=1 bridge=UP dev=DOWN
13:43:59 [STATUS] uptime=22380s beats=22361 mem=12504MB extHosts=1 bridge=UP dev=DOWN
13:44:59 [STATUS] uptime=22440s beats=22421 mem=12538MB extHosts=1 bridge=UP dev=DOWN
13:45:59 [STATUS] uptime=22500s beats=22481 mem=12523MB extHosts=1 bridge=UP dev=DOWN
13:46:59 [STATUS] uptime=22560s beats=22541 mem=12530MB extHosts=1 bridge=UP dev=DOWN
13:47:59 [STATUS] uptime=22620s beats=22601 mem=12526MB extHosts=1 bridge=UP dev=DOWN
13:48:59 [STATUS] uptime=22680s beats=22661 mem=12539MB extHosts=1 bridge=UP dev=DOWN
13:49:59 [STATUS] uptime=22740s beats=22721 mem=12511MB extHosts=1 bridge=UP dev=DOWN
13:50:59 [STATUS] uptime=22800s beats=22781 mem=12522MB extHosts=1 bridge=UP dev=DOWN
13:51:59 [STATUS] uptime=22860s beats=22841 mem=12530MB extHosts=1 bridge=UP dev=DOWN
13:52:59 [STATUS] uptime=22920s beats=22901 mem=12511MB extHosts=1 bridge=UP dev=DOWN
13:53:59 [STATUS] uptime=22980s beats=22961 mem=12528MB extHosts=1 bridge=UP dev=DOWN
13:54:59 [STATUS] uptime=23040s beats=23021 mem=12514MB extHosts=1 bridge=UP dev=DOWN
13:55:59 [STATUS] uptime=23100s beats=23081 mem=12519MB extHosts=1 bridge=UP dev=DOWN
13:56:59 [STATUS] uptime=23160s beats=23141 mem=12524MB extHosts=1 bridge=UP dev=DOWN
13:57:59 [STATUS] uptime=23220s beats=23200 mem=12522MB extHosts=1 bridge=UP dev=DOWN
13:58:59 [STATUS] uptime=23280s beats=23260 mem=12534MB extHosts=1 bridge=UP dev=DOWN
13:59:59 [STATUS] uptime=23340s beats=23320 mem=12516MB extHosts=1 bridge=UP dev=DOWN
14:00:59 [STATUS] uptime=23400s beats=23380 mem=12521MB extHosts=1 bridge=UP dev=DOWN
14:01:59 [STATUS] uptime=23460s beats=23440 mem=12521MB extHosts=1 bridge=UP dev=DOWN
14:02:59 [STATUS] uptime=23520s beats=23500 mem=12517MB extHosts=1 bridge=UP dev=DOWN
14:03:59 [STATUS] uptime=23580s beats=23560 mem=12511MB extHosts=1 bridge=UP dev=DOWN
14:04:59 [STATUS] uptime=23640s beats=23620 mem=12532MB extHosts=1 bridge=UP dev=DOWN
14:05:59 [STATUS] uptime=23700s beats=23680 mem=12527MB extHosts=1 bridge=UP dev=DOWN
14:06:59 [STATUS] uptime=23760s beats=23740 mem=12516MB extHosts=1 bridge=UP dev=DOWN
14:07:59 [STATUS] uptime=23820s beats=23800 mem=12514MB extHosts=1 bridge=UP dev=DOWN
14:08:59 [STATUS] uptime=23880s beats=23860 mem=12521MB extHosts=1 bridge=UP dev=DOWN
14:09:59 [STATUS] uptime=23940s beats=23920 mem=12516MB extHosts=1 bridge=UP dev=DOWN
14:10:59 [STATUS] uptime=24000s beats=23980 mem=12515MB extHosts=1 bridge=UP dev=DOWN
14:11:59 [STATUS] uptime=24060s beats=24040 mem=12500MB extHosts=1 bridge=UP dev=DOWN
14:12:59 [STATUS] uptime=24120s beats=24100 mem=12507MB extHosts=1 bridge=UP dev=DOWN
14:13:59 [STATUS] uptime=24180s beats=24160 mem=12513MB extHosts=1 bridge=UP dev=DOWN
14:14:59 [STATUS] uptime=24240s beats=24219 mem=12509MB extHosts=1 bridge=UP dev=DOWN
14:15:59 [STATUS] uptime=24300s beats=24279 mem=12510MB extHosts=1 bridge=UP dev=DOWN
14:16:59 [STATUS] uptime=24360s beats=24339 mem=12513MB extHosts=1 bridge=UP dev=DOWN
14:17:59 [STATUS] uptime=24420s beats=24399 mem=12516MB extHosts=1 bridge=UP dev=DOWN
14:18:59 [STATUS] uptime=24480s beats=24459 mem=12502MB extHosts=1 bridge=UP dev=DOWN
14:19:59 [STATUS] uptime=24540s beats=24519 mem=12503MB extHosts=1 bridge=UP dev=DOWN
14:20:59 [STATUS] uptime=24600s beats=24579 mem=12497MB extHosts=1 bridge=UP dev=DOWN
14:21:59 [STATUS] uptime=24660s beats=24639 mem=12505MB extHosts=1 bridge=UP dev=DOWN
14:22:59 [STATUS] uptime=24720s beats=24699 mem=12512MB extHosts=1 bridge=UP dev=DOWN
14:23:59 [STATUS] uptime=24780s beats=24759 mem=12516MB extHosts=1 bridge=UP dev=DOWN
14:24:59 [STATUS] uptime=24840s beats=24819 mem=12495MB extHosts=1 bridge=UP dev=DOWN
14:25:59 [STATUS] uptime=24900s beats=24879 mem=12496MB extHosts=1 bridge=UP dev=DOWN
14:26:59 [STATUS] uptime=24960s beats=24939 mem=12502MB extHosts=1 bridge=UP dev=DOWN
14:27:59 [STATUS] uptime=25020s beats=24999 mem=12508MB extHosts=1 bridge=UP dev=DOWN
14:28:59 [STATUS] uptime=25080s beats=25059 mem=12517MB extHosts=1 bridge=UP dev=DOWN
14:29:59 [STATUS] uptime=25140s beats=25119 mem=12523MB extHosts=1 bridge=UP dev=DOWN
14:30:59 [STATUS] uptime=25200s beats=25179 mem=12523MB extHosts=1 bridge=UP dev=DOWN
14:31:59 [STATUS] uptime=25260s beats=25239 mem=12501MB extHosts=1 bridge=UP dev=DOWN
14:32:59 [STATUS] uptime=25320s beats=25299 mem=12497MB extHosts=1 bridge=UP dev=DOWN
14:33:59 [STATUS] uptime=25380s beats=25358 mem=12496MB extHosts=1 bridge=UP dev=DOWN
14:34:59 [STATUS] uptime=25440s beats=25418 mem=12491MB extHosts=1 bridge=UP dev=DOWN
14:35:59 [STATUS] uptime=25500s beats=25478 mem=12499MB extHosts=1 bridge=UP dev=DOWN
14:36:59 [STATUS] uptime=25560s beats=25538 mem=12511MB extHosts=1 bridge=UP dev=DOWN
14:37:59 [STATUS] uptime=25620s beats=25598 mem=12489MB extHosts=1 bridge=UP dev=DOWN
14:38:59 [STATUS] uptime=25680s beats=25658 mem=12502MB extHosts=1 bridge=UP dev=DOWN
14:39:59 [STATUS] uptime=25740s beats=25718 mem=12497MB extHosts=1 bridge=UP dev=DOWN
14:40:59 [STATUS] uptime=25800s beats=25778 mem=12496MB extHosts=1 bridge=UP dev=DOWN
14:41:59 [STATUS] uptime=25860s beats=25838 mem=12497MB extHosts=1 bridge=UP dev=DOWN
14:42:59 [STATUS] uptime=25920s beats=25898 mem=12499MB extHosts=1 bridge=UP dev=DOWN
14:43:59 [STATUS] uptime=25980s beats=25958 mem=12487MB extHosts=1 bridge=UP dev=DOWN
14:44:59 [STATUS] uptime=26040s beats=26018 mem=12496MB extHosts=1 bridge=UP dev=DOWN
14:45:59 [STATUS] uptime=26100s beats=26078 mem=12492MB extHosts=1 bridge=UP dev=DOWN
14:46:59 [STATUS] uptime=26160s beats=26138 mem=12488MB extHosts=1 bridge=UP dev=DOWN
14:47:59 [STATUS] uptime=26220s beats=26198 mem=12486MB extHosts=1 bridge=UP dev=DOWN
14:48:59 [STATUS] uptime=26280s beats=26258 mem=12493MB extHosts=1 bridge=UP dev=DOWN
14:49:59 [STATUS] uptime=26340s beats=26318 mem=12485MB extHosts=1 bridge=UP dev=DOWN
14:50:59 [STATUS] uptime=26400s beats=26378 mem=12501MB extHosts=1 bridge=UP dev=DOWN
14:51:59 [STATUS] uptime=26460s beats=26437 mem=12492MB extHosts=1 bridge=UP dev=DOWN
14:52:59 [STATUS] uptime=26520s beats=26497 mem=12488MB extHosts=1 bridge=UP dev=DOWN
14:53:59 [STATUS] uptime=26580s beats=26557 mem=12488MB extHosts=1 bridge=UP dev=DOWN
14:54:59 [STATUS] uptime=26640s beats=26617 mem=12488MB extHosts=1 bridge=UP dev=DOWN
14:55:59 [STATUS] uptime=26700s beats=26677 mem=12486MB extHosts=1 bridge=UP dev=DOWN
14:56:59 [STATUS] uptime=26760s beats=26737 mem=12479MB extHosts=1 bridge=UP dev=DOWN
14:57:59 [STATUS] uptime=26820s beats=26797 mem=12494MB extHosts=1 bridge=UP dev=DOWN
14:58:59 [STATUS] uptime=26880s beats=26857 mem=12482MB extHosts=1 bridge=UP dev=DOWN
14:59:59 [STATUS] uptime=26940s beats=26917 mem=12487MB extHosts=1 bridge=UP dev=DOWN
15:00:59 [STATUS] uptime=27000s beats=26977 mem=12482MB extHosts=1 bridge=UP dev=DOWN
15:01:59 [STATUS] uptime=27060s beats=27037 mem=12491MB extHosts=1 bridge=UP dev=DOWN
15:02:59 [STATUS] uptime=27120s beats=27097 mem=12486MB extHosts=1 bridge=UP dev=DOWN
15:03:59 [STATUS] uptime=27180s beats=27157 mem=12474MB extHosts=1 bridge=UP dev=DOWN
15:04:59 [STATUS] uptime=27240s beats=27217 mem=12477MB extHosts=1 bridge=UP dev=DOWN
15:05:59 [STATUS] uptime=27300s beats=27277 mem=12478MB extHosts=1 bridge=UP dev=DOWN
15:06:59 [STATUS] uptime=27360s beats=27337 mem=12486MB extHosts=1 bridge=UP dev=DOWN
15:07:59 [STATUS] uptime=27420s beats=27397 mem=12473MB extHosts=1 bridge=UP dev=DOWN
15:08:59 [STATUS] uptime=27480s beats=27456 mem=12491MB extHosts=1 bridge=UP dev=DOWN
15:09:59 [STATUS] uptime=27540s beats=27516 mem=12489MB extHosts=1 bridge=UP dev=DOWN
15:10:59 [STATUS] uptime=27600s beats=27576 mem=12492MB extHosts=1 bridge=UP dev=DOWN
15:11:59 [STATUS] uptime=27660s beats=27636 mem=12487MB extHosts=1 bridge=UP dev=DOWN
15:12:59 [STATUS] uptime=27720s beats=27696 mem=12474MB extHosts=1 bridge=UP dev=DOWN
15:13:59 [STATUS] uptime=27780s beats=27756 mem=12477MB extHosts=1 bridge=UP dev=DOWN
15:14:59 [STATUS] uptime=27840s beats=27816 mem=12475MB extHosts=1 bridge=UP dev=DOWN
15:15:59 [STATUS] uptime=27900s beats=27876 mem=12481MB extHosts=1 bridge=UP dev=DOWN
15:16:59 [STATUS] uptime=27960s beats=27936 mem=12484MB extHosts=1 bridge=UP dev=DOWN
15:17:59 [STATUS] uptime=28020s beats=27996 mem=12475MB extHosts=1 bridge=UP dev=DOWN
15:18:59 [STATUS] uptime=28080s beats=28056 mem=12469MB extHosts=1 bridge=UP dev=DOWN
15:19:59 [STATUS] uptime=28140s beats=28116 mem=12475MB extHosts=1 bridge=UP dev=DOWN
15:20:59 [STATUS] uptime=28200s beats=28176 mem=12490MB extHosts=1 bridge=UP dev=DOWN
15:21:59 [STATUS] uptime=28260s beats=28236 mem=12473MB extHosts=1 bridge=UP dev=DOWN
15:22:59 [STATUS] uptime=28320s beats=28296 mem=12474MB extHosts=1 bridge=UP dev=DOWN
15:23:59 [STATUS] uptime=28380s beats=28356 mem=12482MB extHosts=1 bridge=UP dev=DOWN
15:24:59 [STATUS] uptime=28440s beats=28415 mem=12480MB extHosts=1 bridge=UP dev=DOWN
15:25:59 [STATUS] uptime=28500s beats=28475 mem=12469MB extHosts=1 bridge=UP dev=DOWN
15:26:59 [STATUS] uptime=28560s beats=28535 mem=12466MB extHosts=1 bridge=UP dev=DOWN
15:27:59 [STATUS] uptime=28620s beats=28595 mem=12471MB extHosts=1 bridge=UP dev=DOWN
15:28:59 [STATUS] uptime=28680s beats=28655 mem=12468MB extHosts=1 bridge=UP dev=DOWN
15:29:59 [STATUS] uptime=28740s beats=28715 mem=12482MB extHosts=1 bridge=UP dev=DOWN
15:30:59 [STATUS] uptime=28800s beats=28775 mem=12468MB extHosts=1 bridge=UP dev=DOWN
15:31:59 [STATUS] uptime=28860s beats=28835 mem=12467MB extHosts=1 bridge=UP dev=DOWN
15:32:59 [STATUS] uptime=28920s beats=28895 mem=12461MB extHosts=1 bridge=UP dev=DOWN
15:33:59 [STATUS] uptime=28980s beats=28955 mem=12483MB extHosts=1 bridge=UP dev=DOWN
15:34:59 [STATUS] uptime=29040s beats=29015 mem=12464MB extHosts=1 bridge=UP dev=DOWN
